Archive member included to satisfy reference by file (symbol)

c:/program files (x86)/atollic/truestudio for stm32 9.0.1/armtools/bin/../lib/gcc/arm-atollic-eabi/6.3.1/../../../../arm-atollic-eabi/lib/armv7e-m/fpu/fpv5-sp-d16\libc_nano.a(lib_a-init.o)
                              startup\startup_stm32f746xx.o (__libc_init_array)
c:/program files (x86)/atollic/truestudio for stm32 9.0.1/armtools/bin/../lib/gcc/arm-atollic-eabi/6.3.1/../../../../arm-atollic-eabi/lib/armv7e-m/fpu/fpv5-sp-d16\libc_nano.a(lib_a-malloc.o)
                              Middlewares\ST\STM32_USB_Device_Library\Class\CDC\Src\usbd_cdc.o (malloc)
c:/program files (x86)/atollic/truestudio for stm32 9.0.1/armtools/bin/../lib/gcc/arm-atollic-eabi/6.3.1/../../../../arm-atollic-eabi/lib/armv7e-m/fpu/fpv5-sp-d16\libc_nano.a(lib_a-memcmp.o)
                              Middlewares\Third_Party\LwIP\src\netif\ethernet.o (memcmp)
c:/program files (x86)/atollic/truestudio for stm32 9.0.1/armtools/bin/../lib/gcc/arm-atollic-eabi/6.3.1/../../../../arm-atollic-eabi/lib/armv7e-m/fpu/fpv5-sp-d16\libc_nano.a(lib_a-memcpy-stub.o)
                              Middlewares\Third_Party\FreeRTOS\Source\queue.o (memcpy)
c:/program files (x86)/atollic/truestudio for stm32 9.0.1/armtools/bin/../lib/gcc/arm-atollic-eabi/6.3.1/../../../../arm-atollic-eabi/lib/armv7e-m/fpu/fpv5-sp-d16\libc_nano.a(lib_a-memset.o)
                              Middlewares\Third_Party\LwIP\src\api\netbuf.o (memset)
c:/program files (x86)/atollic/truestudio for stm32 9.0.1/armtools/bin/../lib/gcc/arm-atollic-eabi/6.3.1/../../../../arm-atollic-eabi/lib/armv7e-m/fpu/fpv5-sp-d16\libc_nano.a(lib_a-nano-freer.o)
                              c:/program files (x86)/atollic/truestudio for stm32 9.0.1/armtools/bin/../lib/gcc/arm-atollic-eabi/6.3.1/../../../../arm-atollic-eabi/lib/armv7e-m/fpu/fpv5-sp-d16\libc_nano.a(lib_a-malloc.o) (_free_r)
c:/program files (x86)/atollic/truestudio for stm32 9.0.1/armtools/bin/../lib/gcc/arm-atollic-eabi/6.3.1/../../../../arm-atollic-eabi/lib/armv7e-m/fpu/fpv5-sp-d16\libc_nano.a(lib_a-nano-mallocr.o)
                              c:/program files (x86)/atollic/truestudio for stm32 9.0.1/armtools/bin/../lib/gcc/arm-atollic-eabi/6.3.1/../../../../arm-atollic-eabi/lib/armv7e-m/fpu/fpv5-sp-d16\libc_nano.a(lib_a-malloc.o) (_malloc_r)
c:/program files (x86)/atollic/truestudio for stm32 9.0.1/armtools/bin/../lib/gcc/arm-atollic-eabi/6.3.1/../../../../arm-atollic-eabi/lib/armv7e-m/fpu/fpv5-sp-d16\libc_nano.a(lib_a-printf.o)
                              Middlewares\Third_Party\LwIP\src\api\api_lib.o (printf)
c:/program files (x86)/atollic/truestudio for stm32 9.0.1/armtools/bin/../lib/gcc/arm-atollic-eabi/6.3.1/../../../../arm-atollic-eabi/lib/armv7e-m/fpu/fpv5-sp-d16\libc_nano.a(lib_a-sbrkr.o)
                              c:/program files (x86)/atollic/truestudio for stm32 9.0.1/armtools/bin/../lib/gcc/arm-atollic-eabi/6.3.1/../../../../arm-atollic-eabi/lib/armv7e-m/fpu/fpv5-sp-d16\libc_nano.a(lib_a-nano-mallocr.o) (_sbrk_r)
c:/program files (x86)/atollic/truestudio for stm32 9.0.1/armtools/bin/../lib/gcc/arm-atollic-eabi/6.3.1/../../../../arm-atollic-eabi/lib/armv7e-m/fpu/fpv5-sp-d16\libc_nano.a(lib_a-strlen.o)
                              Middlewares\Third_Party\LwIP\src\apps\mqtt\mqtt.o (strlen)
c:/program files (x86)/atollic/truestudio for stm32 9.0.1/armtools/bin/../lib/gcc/arm-atollic-eabi/6.3.1/../../../../arm-atollic-eabi/lib/armv7e-m/fpu/fpv5-sp-d16\libc_nano.a(lib_a-strncmp.o)
                              Middlewares\Third_Party\LwIP\src\core\def.o (strncmp)
c:/program files (x86)/atollic/truestudio for stm32 9.0.1/armtools/bin/../lib/gcc/arm-atollic-eabi/6.3.1/../../../../arm-atollic-eabi/lib/armv7e-m/fpu/fpv5-sp-d16\libc_nano.a(lib_a-findfp.o)
                              c:/program files (x86)/atollic/truestudio for stm32 9.0.1/armtools/bin/../lib/gcc/arm-atollic-eabi/6.3.1/../../../../arm-atollic-eabi/lib/armv7e-m/fpu/fpv5-sp-d16\libc_nano.a(lib_a-printf.o) (__sinit)
c:/program files (x86)/atollic/truestudio for stm32 9.0.1/armtools/bin/../lib/gcc/arm-atollic-eabi/6.3.1/../../../../arm-atollic-eabi/lib/armv7e-m/fpu/fpv5-sp-d16\libc_nano.a(lib_a-fwalk.o)
                              c:/program files (x86)/atollic/truestudio for stm32 9.0.1/armtools/bin/../lib/gcc/arm-atollic-eabi/6.3.1/../../../../arm-atollic-eabi/lib/armv7e-m/fpu/fpv5-sp-d16\libc_nano.a(lib_a-findfp.o) (_fwalk)
c:/program files (x86)/atollic/truestudio for stm32 9.0.1/armtools/bin/../lib/gcc/arm-atollic-eabi/6.3.1/../../../../arm-atollic-eabi/lib/armv7e-m/fpu/fpv5-sp-d16\libc_nano.a(lib_a-impure.o)
                              c:/program files (x86)/atollic/truestudio for stm32 9.0.1/armtools/bin/../lib/gcc/arm-atollic-eabi/6.3.1/../../../../arm-atollic-eabi/lib/armv7e-m/fpu/fpv5-sp-d16\libc_nano.a(lib_a-findfp.o) (_global_impure_ptr)
[...]
Memory Configuration

Name             Origin             Length             Attributes
RAM              0x20000000         0x00050000         xrw
FLASH            0x08000000         0x00100000         xr
*default*        0x00000000         0xffffffff

Linker script and memory map

LOAD c:/program files (x86)/atollic/truestudio for stm32 9.0.1/armtools/bin/../lib/gcc/arm-atollic-eabi/6.3.1/armv7e-m/fpu/fpv5-sp-d16/crti.o
LOAD c:/program files (x86)/atollic/truestudio for stm32 9.0.1/armtools/bin/../lib/gcc/arm-atollic-eabi/6.3.1/armv7e-m/fpu/fpv5-sp-d16/crtbegin.o
LOAD Drivers\STM32F7xx_HAL_Driver\Src\stm32f7xx_hal.o
LOAD Drivers\STM32F7xx_HAL_Driver\Src\stm32f7xx_hal_cortex.o
LOAD Drivers\STM32F7xx_HAL_Driver\Src\stm32f7xx_hal_dma.o
LOAD Drivers\STM32F7xx_HAL_Driver\Src\stm32f7xx_hal_dma_ex.o
LOAD Drivers\STM32F7xx_HAL_Driver\Src\stm32f7xx_hal_eth.o
LOAD Drivers\STM32F7xx_HAL_Driver\Src\stm32f7xx_hal_flash.o
LOAD Drivers\STM32F7xx_HAL_Driver\Src\stm32f7xx_hal_flash_ex.o
LOAD Drivers\STM32F7xx_HAL_Driver\Src\stm32f7xx_hal_gpio.o
LOAD Drivers\STM32F7xx_HAL_Driver\Src\stm32f7xx_hal_i2c.o
LOAD Drivers\STM32F7xx_HAL_Driver\Src\stm32f7xx_hal_i2c_ex.o
LOAD Drivers\STM32F7xx_HAL_Driver\Src\stm32f7xx_hal_pcd.o
LOAD Drivers\STM32F7xx_HAL_Driver\Src\stm32f7xx_hal_pcd_ex.o
LOAD Drivers\STM32F7xx_HAL_Driver\Src\stm32f7xx_hal_pwr.o
LOAD Drivers\STM32F7xx_HAL_Driver\Src\stm32f7xx_hal_pwr_ex.o
LOAD Drivers\STM32F7xx_HAL_Driver\Src\stm32f7xx_hal_rcc.o
LOAD Drivers\STM32F7xx_HAL_Driver\Src\stm32f7xx_hal_rcc_ex.o
LOAD Drivers\STM32F7xx_HAL_Driver\Src\stm32f7xx_hal_tim.o
LOAD Drivers\STM32F7xx_HAL_Driver\Src\stm32f7xx_hal_tim_ex.o
LOAD Drivers\STM32F7xx_HAL_Driver\Src\stm32f7xx_hal_uart.o
LOAD Drivers\STM32F7xx_HAL_Driver\Src\stm32f7xx_ll_usb.o
LOAD Middlewares\ST\STM32_USB_Device_Library\Class\CDC\Src\usbd_cdc.o
LOAD Middlewares\ST\STM32_USB_Device_Library\Core\Src\usbd_core.o
LOAD Middlewares\ST\STM32_USB_Device_Library\Core\Src\usbd_ctlreq.o
LOAD Middlewares\ST\STM32_USB_Device_Library\Core\Src\usbd_ioreq.o
LOAD Middlewares\Third_Party\FreeRTOS\Source\CMSIS_RTOS\cmsis_os.o
LOAD Middlewares\Third_Party\FreeRTOS\Source\croutine.o
LOAD Middlewares\Third_Party\FreeRTOS\Source\event_groups.o
LOAD Middlewares\Third_Party\FreeRTOS\Source\list.o
LOAD Middlewares\Third_Party\FreeRTOS\Source\portable\GCC\ARM_CM7\r0p1\port.o
LOAD Middlewares\Third_Party\FreeRTOS\Source\portable\MemMang\heap_4.o
LOAD Middlewares\Third_Party\FreeRTOS\Source\queue.o
LOAD Middlewares\Third_Party\FreeRTOS\Source\tasks.o
LOAD Middlewares\Third_Party\FreeRTOS\Source\timers.o
LOAD Middlewares\Third_Party\LwIP\src\api\api_lib.o
LOAD Middlewares\Third_Party\LwIP\src\api\api_msg.o
LOAD Middlewares\Third_Party\LwIP\src\api\err.o
LOAD Middlewares\Third_Party\LwIP\src\api\netbuf.o
LOAD Middlewares\Third_Party\LwIP\src\api\netdb.o
LOAD Middlewares\Third_Party\LwIP\src\api\netifapi.o
LOAD Middlewares\Third_Party\LwIP\src\api\sockets.o
LOAD Middlewares\Third_Party\LwIP\src\api\tcpip.o
LOAD Middlewares\Third_Party\LwIP\src\apps\mqtt\mqtt.o
LOAD Middlewares\Third_Party\LwIP\src\core\def.o
LOAD Middlewares\Third_Party\LwIP\src\core\dns.o
LOAD Middlewares\Third_Party\LwIP\src\core\inet_chksum.o
LOAD Middlewares\Third_Party\LwIP\src\core\init.o
LOAD Middlewares\Third_Party\LwIP\src\core\ip.o
LOAD Middlewares\Third_Party\LwIP\src\core\ipv4\autoip.o
LOAD Middlewares\Third_Party\LwIP\src\core\ipv4\dhcp.o
LOAD Middlewares\Third_Party\LwIP\src\core\ipv4\etharp.o
LOAD Middlewares\Third_Party\LwIP\src\core\ipv4\icmp.o
LOAD Middlewares\Third_Party\LwIP\src\core\ipv4\igmp.o
LOAD Middlewares\Third_Party\LwIP\src\core\ipv4\ip4.o
LOAD Middlewares\Third_Party\LwIP\src\core\ipv4\ip4_addr.o
LOAD Middlewares\Third_Party\LwIP\src\core\ipv4\ip4_frag.o
LOAD Middlewares\Third_Party\LwIP\src\core\ipv6\dhcp6.o
LOAD Middlewares\Third_Party\LwIP\src\core\ipv6\ethip6.o
LOAD Middlewares\Third_Party\LwIP\src\core\ipv6\icmp6.o
LOAD Middlewares\Third_Party\LwIP\src\core\ipv6\inet6.o
LOAD Middlewares\Third_Party\LwIP\src\core\ipv6\ip6.o
LOAD Middlewares\Third_Party\LwIP\src\core\ipv6\ip6_addr.o
LOAD Middlewares\Third_Party\LwIP\src\core\ipv6\ip6_frag.o
LOAD Middlewares\Third_Party\LwIP\src\core\ipv6\mld6.o
LOAD Middlewares\Third_Party\LwIP\src\core\ipv6\nd6.o
LOAD Middlewares\Third_Party\LwIP\src\core\mem.o
LOAD Middlewares\Third_Party\LwIP\src\core\memp.o
LOAD Middlewares\Third_Party\LwIP\src\core\netif.o
LOAD Middlewares\Third_Party\LwIP\src\core\pbuf.o
LOAD Middlewares\Third_Party\LwIP\src\core\raw.o
LOAD Middlewares\Third_Party\LwIP\src\core\stats.o
LOAD Middlewares\Third_Party\LwIP\src\core\sys.o
LOAD Middlewares\Third_Party\LwIP\src\core\tcp.o
LOAD Middlewares\Third_Party\LwIP\src\core\tcp_in.o
LOAD Middlewares\Third_Party\LwIP\src\core\tcp_out.o
LOAD Middlewares\Third_Party\LwIP\src\core\timeouts.o
LOAD Middlewares\Third_Party\LwIP\src\core\udp.o
LOAD Middlewares\Third_Party\LwIP\src\netif\ethernet.o
LOAD Middlewares\Third_Party\LwIP\src\netif\lowpan6.o
LOAD Middlewares\Third_Party\LwIP\src\netif\ppp\auth.o
LOAD Middlewares\Third_Party\LwIP\src\netif\ppp\ccp.o
LOAD Middlewares\Third_Party\LwIP\src\netif\ppp\chap-md5.o
LOAD Middlewares\Third_Party\LwIP\src\netif\ppp\chap-new.o
LOAD Middlewares\Third_Party\LwIP\src\netif\ppp\chap_ms.o
LOAD Middlewares\Third_Party\LwIP\src\netif\ppp\demand.o
LOAD Middlewares\Third_Party\LwIP\src\netif\ppp\eap.o
LOAD Middlewares\Third_Party\LwIP\src\netif\ppp\ecp.o
LOAD Middlewares\Third_Party\LwIP\src\netif\ppp\eui64.o
LOAD Middlewares\Third_Party\LwIP\src\netif\ppp\fsm.o
LOAD Middlewares\Third_Party\LwIP\src\netif\ppp\ipcp.o
LOAD Middlewares\Third_Party\LwIP\src\netif\ppp\ipv6cp.o
LOAD Middlewares\Third_Party\LwIP\src\netif\ppp\lcp.o
LOAD Middlewares\Third_Party\LwIP\src\netif\ppp\magic.o
LOAD Middlewares\Third_Party\LwIP\src\netif\ppp\mppe.o
LOAD Middlewares\Third_Party\LwIP\src\netif\ppp\multilink.o
LOAD Middlewares\Third_Party\LwIP\src\netif\ppp\ppp.o
LOAD Middlewares\Third_Party\LwIP\src\netif\ppp\pppapi.o
LOAD Middlewares\Third_Party\LwIP\src\netif\ppp\pppcrypt.o
LOAD Middlewares\Third_Party\LwIP\src\netif\ppp\pppoe.o
LOAD Middlewares\Third_Party\LwIP\src\netif\ppp\pppol2tp.o
LOAD Middlewares\Third_Party\LwIP\src\netif\ppp\pppos.o
LOAD Middlewares\Third_Party\LwIP\src\netif\ppp\upap.o
LOAD Middlewares\Third_Party\LwIP\src\netif\ppp\utils.o
LOAD Middlewares\Third_Party\LwIP\src\netif\ppp\vj.o
LOAD Middlewares\Third_Party\LwIP\src\netif\slipif.o
LOAD Middlewares\Third_Party\LwIP\system\OS\sys_arch.o
LOAD Src\ethernetif.o
LOAD Src\freertos.o
LOAD Src\lwip.o
LOAD Src\main.o
LOAD Src\stm32f7xx_hal_msp.o
LOAD Src\stm32f7xx_hal_timebase_TIM.o
LOAD Src\stm32f7xx_it.o
LOAD Src\syscalls.o
LOAD Src\system_stm32f7xx.o
LOAD Src\usb_device.o
LOAD Src\usbd_cdc_if.o
LOAD Src\usbd_conf.o
LOAD Src\usbd_desc.o
LOAD startup\startup_stm32f746xx.o
                0x00000080                malloc_getpagesize_P = 0x80
START GROUP
LOAD c:/program files (x86)/atollic/truestudio for stm32 9.0.1/armtools/bin/../lib/gcc/arm-atollic-eabi/6.3.1/../../../../arm-atollic-eabi/lib/armv7e-m/fpu/fpv5-sp-d16\libc_nano.a
LOAD c:/program files (x86)/atollic/truestudio for stm32 9.0.1/armtools/bin/../lib/gcc/arm-atollic-eabi/6.3.1/../../../../arm-atollic-eabi/lib/armv7e-m/fpu/fpv5-sp-d16\libm.a
END GROUP
START GROUP
LOAD c:/program files (x86)/atollic/truestudio for stm32 9.0.1/armtools/bin/../lib/gcc/arm-atollic-eabi/6.3.1/armv7e-m/fpu/fpv5-sp-d16\libgcc.a
LOAD c:/program files (x86)/atollic/truestudio for stm32 9.0.1/armtools/bin/../lib/gcc/arm-atollic-eabi/6.3.1/../../../../arm-atollic-eabi/lib/armv7e-m/fpu/fpv5-sp-d16\libc_nano.a
END GROUP
START GROUP
LOAD c:/program files (x86)/atollic/truestudio for stm32 9.0.1/armtools/bin/../lib/gcc/arm-atollic-eabi/6.3.1/armv7e-m/fpu/fpv5-sp-d16\libgcc.a
LOAD c:/program files (x86)/atollic/truestudio for stm32 9.0.1/armtools/bin/../lib/gcc/arm-atollic-eabi/6.3.1/../../../../arm-atollic-eabi/lib/armv7e-m/fpu/fpv5-sp-d16\libc_nano.a
LOAD c:/program files (x86)/atollic/truestudio for stm32 9.0.1/armtools/bin/../lib/gcc/arm-atollic-eabi/6.3.1/../../../../arm-atollic-eabi/lib/armv7e-m/fpu/fpv5-sp-d16\libnosys.a
END GROUP
START GROUP
LOAD c:/program files (x86)/atollic/truestudio for stm32 9.0.1/armtools/bin/../lib/gcc/arm-atollic-eabi/6.3.1/armv7e-m/fpu/fpv5-sp-d16\libgcc.a
LOAD c:/program files (x86)/atollic/truestudio for stm32 9.0.1/armtools/bin/../lib/gcc/arm-atollic-eabi/6.3.1/../../../../arm-atollic-eabi/lib/armv7e-m/fpu/fpv5-sp-d16\libc_nano.a
LOAD c:/program files (x86)/atollic/truestudio for stm32 9.0.1/armtools/bin/../lib/gcc/arm-atollic-eabi/6.3.1/../../../../arm-atollic-eabi/lib/armv7e-m/fpu/fpv5-sp-d16\libnosys.a
END GROUP
LOAD c:/program files (x86)/atollic/truestudio for stm32 9.0.1/armtools/bin/../lib/gcc/arm-atollic-eabi/6.3.1/armv7e-m/fpu/fpv5-sp-d16/crtend.o
LOAD c:/program files (x86)/atollic/truestudio for stm32 9.0.1/armtools/bin/../lib/gcc/arm-atollic-eabi/6.3.1/armv7e-m/fpu/fpv5-sp-d16/crtn.o
                0x20050000                _estack = 0x20050000
                0x00008000                _Min_Heap_Size = 0x8000
                0x00008000                _Min_Stack_Size = 0x8000

.isr_vector     0x08000000      0x1c8
                0x08000000                . = ALIGN (0x4)
 *(.isr_vector)
 .isr_vector    0x08000000      0x1c8 startup\startup_stm32f746xx.o
                0x08000000                g_pfnVectors
                0x080001c8                . = ALIGN (0x4)

.text           0x080001d0     0xc400
                0x080001d0                . = ALIGN (0x4)
 *(.text)
 .text          0x080001d0       0x40 c:/program files (x86)/atollic/truestudio for stm32 9.0.1/armtools/bin/../lib/gcc/arm-atollic-eabi/6.3.1/armv7e-m/fpu/fpv5-sp-d16/crtbegin.o
 .text          0x08000210       0xa0 c:/program files (x86)/atollic/truestudio for stm32 9.0.1/armtools/bin/../lib/gcc/arm-atollic-eabi/6.3.1/../../../../arm-atollic-eabi/lib/armv7e-m/fpu/fpv5-sp-d16\libc_nano.a(lib_a-memchr.o)
                0x08000210                memchr
 .text          0x080002b0       0x30 c:/program files (x86)/atollic/truestudio for stm32 9.0.1/armtools/bin/../lib/gcc/arm-atollic-eabi/6.3.1/armv7e-m/fpu/fpv5-sp-d16\libgcc.a(_aeabi_uldivmod.o)
                0x080002b0                __aeabi_uldivmod
 .text          0x080002e0      0x2dc c:/program files (x86)/atollic/truestudio for stm32 9.0.1/armtools/bin/../lib/gcc/arm-atollic-eabi/6.3.1/armv7e-m/fpu/fpv5-sp-d16\libgcc.a(_udivmoddi4.o)
                0x080002e0                __udivmoddi4
 .text          0x080005bc        0x4 c:/program files (x86)/atollic/truestudio for stm32 9.0.1/armtools/bin/../lib/gcc/arm-atollic-eabi/6.3.1/armv7e-m/fpu/fpv5-sp-d16\libgcc.a(_dvmd_tls.o)
                0x080005bc                __aeabi_idiv0
                0x080005bc                __aeabi_ldiv0
 *(.text*)
 .text.HAL_Init
                0x080005c0       0x16 Drivers\STM32F7xx_HAL_Driver\Src\stm32f7xx_hal.o
                0x080005c0                HAL_Init
 *fill*         0x080005d6        0x2 
 .text.HAL_IncTick
                0x080005d8       0x18 Drivers\STM32F7xx_HAL_Driver\Src\stm32f7xx_hal.o
                0x080005d8                HAL_IncTick
 .text.HAL_GetTick
                0x080005f0        0xc Drivers\STM32F7xx_HAL_Driver\Src\stm32f7xx_hal.o
                0x080005f0                HAL_GetTick
 .text.HAL_Delay
                0x080005fc       0x24 Drivers\STM32F7xx_HAL_Driver\Src\stm32f7xx_hal.o
                0x080005fc                HAL_Delay
 .text.HAL_NVIC_SetPriorityGrouping
                0x08000620       0x24 Drivers\STM32F7xx_HAL_Driver\Src\stm32f7xx_hal_cortex.o
                0x08000620                HAL_NVIC_SetPriorityGrouping
 .text.HAL_NVIC_SetPriority
                0x08000644       0x70 Drivers\STM32F7xx_HAL_Driver\Src\stm32f7xx_hal_cortex.o
                0x08000644                HAL_NVIC_SetPriority
 .text.HAL_NVIC_EnableIRQ
                0x080006b4       0x18 Drivers\STM32F7xx_HAL_Driver\Src\stm32f7xx_hal_cortex.o
                0x080006b4                HAL_NVIC_EnableIRQ
 .text.HAL_SYSTICK_Config
                0x080006cc       0x2c Drivers\STM32F7xx_HAL_Driver\Src\stm32f7xx_hal_cortex.o
                0x080006cc                HAL_SYSTICK_Config
 .text.HAL_SYSTICK_CLKSourceConfig
                0x080006f8       0x18 Drivers\STM32F7xx_HAL_Driver\Src\stm32f7xx_hal_cortex.o
                0x080006f8                HAL_SYSTICK_CLKSourceConfig
 .text.ETH_FlushTransmitFIFO
                0x08000710       0x2a Drivers\STM32F7xx_HAL_Driver\Src\stm32f7xx_hal_eth.o
 *fill*         0x0800073a        0x2 
 .text.ETH_MACDMAConfig
                0x0800073c       0xf8 Drivers\STM32F7xx_HAL_Driver\Src\stm32f7xx_hal_eth.o
 .text.HAL_ETH_DMATxDescListInit
                0x08000834       0x7a Drivers\STM32F7xx_HAL_Driver\Src\stm32f7xx_hal_eth.o
                0x08000834                HAL_ETH_DMATxDescListInit
 .text.HAL_ETH_DMARxDescListInit
                0x080008ae       0x78 Drivers\STM32F7xx_HAL_Driver\Src\stm32f7xx_hal_eth.o
                0x080008ae                HAL_ETH_DMARxDescListInit
 *fill*         0x08000926        0x2 
 .text.HAL_ETH_TransmitFrame
                0x08000928       0xe4 Drivers\STM32F7xx_HAL_Driver\Src\stm32f7xx_hal_eth.o
                0x08000928                HAL_ETH_TransmitFrame
 .text.HAL_ETH_GetReceivedFrame_IT
                0x08000a0c       0x8a Drivers\STM32F7xx_HAL_Driver\Src\stm32f7xx_hal_eth.o
                0x08000a0c                HAL_ETH_GetReceivedFrame_IT
 .text.HAL_ETH_TxCpltCallback
                0x08000a96        0x2 Drivers\STM32F7xx_HAL_Driver\Src\stm32f7xx_hal_eth.o
                0x08000a96                HAL_ETH_TxCpltCallback
 .text.HAL_ETH_ErrorCallback
                0x08000a98        0x2 Drivers\STM32F7xx_HAL_Driver\Src\stm32f7xx_hal_eth.o
                0x08000a98                HAL_ETH_ErrorCallback
 .text.HAL_ETH_IRQHandler
                0x08000a9a       0x70 Drivers\STM32F7xx_HAL_Driver\Src\stm32f7xx_hal_eth.o
                0x08000a9a                HAL_ETH_IRQHandler
 .text.HAL_ETH_ReadPHYRegister
                0x08000b0a       0x74 Drivers\STM32F7xx_HAL_Driver\Src\stm32f7xx_hal_eth.o
                0x08000b0a                HAL_ETH_ReadPHYRegister
 .text.HAL_ETH_WritePHYRegister
                0x08000b7e       0x6e Drivers\STM32F7xx_HAL_Driver\Src\stm32f7xx_hal_eth.o
                0x08000b7e                HAL_ETH_WritePHYRegister
 .text.HAL_ETH_Init
                0x08000bec      0x1f4 Drivers\STM32F7xx_HAL_Driver\Src\stm32f7xx_hal_eth.o
                0x08000bec                HAL_ETH_Init
 .text.HAL_ETH_Start
                0x08000de0       0x7c Drivers\STM32F7xx_HAL_Driver\Src\stm32f7xx_hal_eth.o
                0x08000de0                HAL_ETH_Start
 .text.HAL_GPIO_Init
                0x08000e5c      0x1d4 Drivers\STM32F7xx_HAL_Driver\Src\stm32f7xx_hal_gpio.o
                0x08000e5c                HAL_GPIO_Init
 .text.HAL_GPIO_WritePin
                0x08001030        0xa Drivers\STM32F7xx_HAL_Driver\Src\stm32f7xx_hal_gpio.o
                0x08001030                HAL_GPIO_WritePin
 .text.HAL_PCD_Init
                0x0800103a       0xe8 Drivers\STM32F7xx_HAL_Driver\Src\stm32f7xx_hal_pcd.o
                0x0800103a                HAL_PCD_Init
 .text.HAL_PCD_Start
                0x08001122       0x2a Drivers\STM32F7xx_HAL_Driver\Src\stm32f7xx_hal_pcd.o
                0x08001122                HAL_PCD_Start
 .text.HAL_PCD_IRQHandler
                0x0800114c      0x664 Drivers\STM32F7xx_HAL_Driver\Src\stm32f7xx_hal_pcd.o
                0x0800114c                HAL_PCD_IRQHandler
 .text.HAL_PCD_SetAddress
                0x080017b0       0x28 Drivers\STM32F7xx_HAL_Driver\Src\stm32f7xx_hal_pcd.o
                0x080017b0                HAL_PCD_SetAddress
 .text.HAL_PCD_EP_Open
                0x080017d8       0x68 Drivers\STM32F7xx_HAL_Driver\Src\stm32f7xx_hal_pcd.o
                0x080017d8                HAL_PCD_EP_Open
 .text.HAL_PCD_EP_Close
                0x08001840       0x56 Drivers\STM32F7xx_HAL_Driver\Src\stm32f7xx_hal_pcd.o
                0x08001840                HAL_PCD_EP_Close
 .text.HAL_PCD_EP_Receive
                0x08001896       0x48 Drivers\STM32F7xx_HAL_Driver\Src\stm32f7xx_hal_pcd.o
                0x08001896                HAL_PCD_EP_Receive
 .text.HAL_PCD_EP_GetRxCount
                0x080018de       0x10 Drivers\STM32F7xx_HAL_Driver\Src\stm32f7xx_hal_pcd.o
                0x080018de                HAL_PCD_EP_GetRxCount
 .text.HAL_PCD_EP_Transmit
                0x080018ee       0x40 Drivers\STM32F7xx_HAL_Driver\Src\stm32f7xx_hal_pcd.o
                0x080018ee                HAL_PCD_EP_Transmit
 .text.HAL_PCD_EP_SetStall
                0x0800192e       0x74 Drivers\STM32F7xx_HAL_Driver\Src\stm32f7xx_hal_pcd.o
                0x0800192e                HAL_PCD_EP_SetStall
 .text.HAL_PCD_EP_ClrStall
                0x080019a2       0x62 Drivers\STM32F7xx_HAL_Driver\Src\stm32f7xx_hal_pcd.o
                0x080019a2                HAL_PCD_EP_ClrStall
 .text.HAL_PCDEx_SetTxFiFo
                0x08001a04       0x42 Drivers\STM32F7xx_HAL_Driver\Src\stm32f7xx_hal_pcd_ex.o
                0x08001a04                HAL_PCDEx_SetTxFiFo
 .text.HAL_PCDEx_SetRxFiFo
                0x08001a46        0x8 Drivers\STM32F7xx_HAL_Driver\Src\stm32f7xx_hal_pcd_ex.o
                0x08001a46                HAL_PCDEx_SetRxFiFo
 .text.HAL_PCDEx_ActivateLPM
                0x08001a4e       0x26 Drivers\STM32F7xx_HAL_Driver\Src\stm32f7xx_hal_pcd_ex.o
                0x08001a4e                HAL_PCDEx_ActivateLPM
 .text.HAL_RCC_OscConfig
                0x08001a74      0x328 Drivers\STM32F7xx_HAL_Driver\Src\stm32f7xx_hal_rcc.o
                0x08001a74                HAL_RCC_OscConfig
 .text.HAL_RCC_GetSysClockFreq
                0x08001d9c       0x5c Drivers\STM32F7xx_HAL_Driver\Src\stm32f7xx_hal_rcc.o
                0x08001d9c                HAL_RCC_GetSysClockFreq
 .text.HAL_RCC_ClockConfig
                0x08001df8      0x13c Drivers\STM32F7xx_HAL_Driver\Src\stm32f7xx_hal_rcc.o
                0x08001df8                HAL_RCC_ClockConfig
 .text.HAL_RCC_GetHCLKFreq
                0x08001f34        0xc Drivers\STM32F7xx_HAL_Driver\Src\stm32f7xx_hal_rcc.o
                0x08001f34                HAL_RCC_GetHCLKFreq
 .text.HAL_RCC_GetPCLK1Freq
                0x08001f40       0x20 Drivers\STM32F7xx_HAL_Driver\Src\stm32f7xx_hal_rcc.o
                0x08001f40                HAL_RCC_GetPCLK1Freq
 .text.HAL_RCC_GetPCLK2Freq
                0x08001f60       0x20 Drivers\STM32F7xx_HAL_Driver\Src\stm32f7xx_hal_rcc.o
                0x08001f60                HAL_RCC_GetPCLK2Freq
 .text.HAL_RCC_GetClockConfig
                0x08001f80       0x3c Drivers\STM32F7xx_HAL_Driver\Src\stm32f7xx_hal_rcc.o
                0x08001f80                HAL_RCC_GetClockConfig
 .text.HAL_RCCEx_PeriphCLKConfig
                0x08001fbc      0x514 Drivers\STM32F7xx_HAL_Driver\Src\stm32f7xx_hal_rcc_ex.o
                0x08001fbc                HAL_RCCEx_PeriphCLKConfig
 .text.HAL_TIM_Base_MspInit
                0x080024d0        0x2 Drivers\STM32F7xx_HAL_Driver\Src\stm32f7xx_hal_tim.o
                0x080024d0                HAL_TIM_Base_MspInit
 .text.HAL_TIM_Base_Start_IT
                0x080024d2       0x16 Drivers\STM32F7xx_HAL_Driver\Src\stm32f7xx_hal_tim.o
                0x080024d2                HAL_TIM_Base_Start_IT
 .text.HAL_TIM_OC_DelayElapsedCallback
                0x080024e8        0x2 Drivers\STM32F7xx_HAL_Driver\Src\stm32f7xx_hal_tim.o
                0x080024e8                HAL_TIM_OC_DelayElapsedCallback
 .text.HAL_TIM_IC_CaptureCallback
                0x080024ea        0x2 Drivers\STM32F7xx_HAL_Driver\Src\stm32f7xx_hal_tim.o
                0x080024ea                HAL_TIM_IC_CaptureCallback
 .text.HAL_TIM_PWM_PulseFinishedCallback
                0x080024ec        0x2 Drivers\STM32F7xx_HAL_Driver\Src\stm32f7xx_hal_tim.o
                0x080024ec                HAL_TIM_PWM_PulseFinishedCallback
 .text.HAL_TIM_TriggerCallback
                0x080024ee        0x2 Drivers\STM32F7xx_HAL_Driver\Src\stm32f7xx_hal_tim.o
                0x080024ee                HAL_TIM_TriggerCallback
 .text.HAL_TIM_IRQHandler
                0x080024f0      0x160 Drivers\STM32F7xx_HAL_Driver\Src\stm32f7xx_hal_tim.o
                0x080024f0                HAL_TIM_IRQHandler
 .text.TIM_Base_SetConfig
                0x08002650       0xd0 Drivers\STM32F7xx_HAL_Driver\Src\stm32f7xx_hal_tim.o
                0x08002650                TIM_Base_SetConfig
 .text.HAL_TIM_Base_Init
                0x08002720       0x34 Drivers\STM32F7xx_HAL_Driver\Src\stm32f7xx_hal_tim.o
                0x08002720                HAL_TIM_Base_Init
 .text.HAL_TIMEx_CommutationCallback
                0x08002754        0x2 Drivers\STM32F7xx_HAL_Driver\Src\stm32f7xx_hal_tim_ex.o
                0x08002754                HAL_TIMEx_CommutationCallback
 .text.HAL_TIMEx_BreakCallback
                0x08002756        0x2 Drivers\STM32F7xx_HAL_Driver\Src\stm32f7xx_hal_tim_ex.o
                0x08002756                HAL_TIMEx_BreakCallback
 .text.UART_WaitOnFlagUntilTimeout
                0x08002758       0x62 Drivers\STM32F7xx_HAL_Driver\Src\stm32f7xx_hal_uart.o
                0x08002758                UART_WaitOnFlagUntilTimeout
 *fill*         0x080027ba        0x2 
 .text.UART_SetConfig
                0x080027bc      0x290 Drivers\STM32F7xx_HAL_Driver\Src\stm32f7xx_hal_uart.o
                0x080027bc                UART_SetConfig
 .text.UART_AdvFeatureConfig
                0x08002a4c       0xaa Drivers\STM32F7xx_HAL_Driver\Src\stm32f7xx_hal_uart.o
                0x08002a4c                UART_AdvFeatureConfig
 .text.UART_CheckIdleState
                0x08002af6       0x44 Drivers\STM32F7xx_HAL_Driver\Src\stm32f7xx_hal_uart.o
                0x08002af6                UART_CheckIdleState
 .text.HAL_UART_Init
                0x08002b3a       0x64 Drivers\STM32F7xx_HAL_Driver\Src\stm32f7xx_hal_uart.o
                0x08002b3a                HAL_UART_Init
 *fill*         0x08002b9e        0x2 
 .text.USB_CoreReset
                0x08002ba0       0x30 Drivers\STM32F7xx_HAL_Driver\Src\stm32f7xx_ll_usb.o
 .text.USB_CoreInit
                0x08002bd0       0x76 Drivers\STM32F7xx_HAL_Driver\Src\stm32f7xx_ll_usb.o
                0x08002bd0                USB_CoreInit
 .text.USB_EnableGlobalInt
                0x08002c46        0xc Drivers\STM32F7xx_HAL_Driver\Src\stm32f7xx_ll_usb.o
                0x08002c46                USB_EnableGlobalInt
 .text.USB_DisableGlobalInt
                0x08002c52        0xc Drivers\STM32F7xx_HAL_Driver\Src\stm32f7xx_ll_usb.o
                0x08002c52                USB_DisableGlobalInt
 .text.USB_SetCurrentMode
                0x08002c5e       0x2e Drivers\STM32F7xx_HAL_Driver\Src\stm32f7xx_ll_usb.o
                0x08002c5e                USB_SetCurrentMode
 .text.USB_FlushTxFifo
                0x08002c8c       0x24 Drivers\STM32F7xx_HAL_Driver\Src\stm32f7xx_ll_usb.o
                0x08002c8c                USB_FlushTxFifo
 .text.USB_FlushRxFifo
                0x08002cb0       0x20 Drivers\STM32F7xx_HAL_Driver\Src\stm32f7xx_ll_usb.o
                0x08002cb0                USB_FlushRxFifo
 .text.USB_SetDevSpeed
                0x08002cd0        0xe Drivers\STM32F7xx_HAL_Driver\Src\stm32f7xx_ll_usb.o
                0x08002cd0                USB_SetDevSpeed
 *fill*         0x08002cde        0x2 
 .text.USB_DevInit
                0x08002ce0      0x170 Drivers\STM32F7xx_HAL_Driver\Src\stm32f7xx_ll_usb.o
                0x08002ce0                USB_DevInit
 .text.USB_GetDevSpeed
                0x08002e50       0x1c Drivers\STM32F7xx_HAL_Driver\Src\stm32f7xx_ll_usb.o
                0x08002e50                USB_GetDevSpeed
 .text.USB_ActivateEndpoint
                0x08002e6c       0x82 Drivers\STM32F7xx_HAL_Driver\Src\stm32f7xx_ll_usb.o
                0x08002e6c                USB_ActivateEndpoint
 *fill*         0x08002eee        0x2 
 .text.USB_DeactivateEndpoint
                0x08002ef0       0x64 Drivers\STM32F7xx_HAL_Driver\Src\stm32f7xx_ll_usb.o
                0x08002ef0                USB_DeactivateEndpoint
 .text.USB_EP0StartXfer
                0x08002f54      0x100 Drivers\STM32F7xx_HAL_Driver\Src\stm32f7xx_ll_usb.o
                0x08002f54                USB_EP0StartXfer
 .text.USB_WritePacket
                0x08003054       0x28 Drivers\STM32F7xx_HAL_Driver\Src\stm32f7xx_ll_usb.o
                0x08003054                USB_WritePacket
 .text.USB_EPStartXfer
                0x0800307c      0x1a4 Drivers\STM32F7xx_HAL_Driver\Src\stm32f7xx_ll_usb.o
                0x0800307c                USB_EPStartXfer
 .text.USB_ReadPacket
                0x08003220       0x1c Drivers\STM32F7xx_HAL_Driver\Src\stm32f7xx_ll_usb.o
                0x08003220                USB_ReadPacket
 .text.USB_EPSetStall
                0x0800323c       0x5a Drivers\STM32F7xx_HAL_Driver\Src\stm32f7xx_ll_usb.o
                0x0800323c                USB_EPSetStall
 .text.USB_EPClearStall
                0x08003296       0x56 Drivers\STM32F7xx_HAL_Driver\Src\stm32f7xx_ll_usb.o
                0x08003296                USB_EPClearStall
 .text.USB_SetDevAddress
                0x080032ec       0x20 Drivers\STM32F7xx_HAL_Driver\Src\stm32f7xx_ll_usb.o
                0x080032ec                USB_SetDevAddress
 .text.USB_DevConnect
                0x0800330c       0x18 Drivers\STM32F7xx_HAL_Driver\Src\stm32f7xx_ll_usb.o
                0x0800330c                USB_DevConnect
 .text.USB_DevDisconnect
                0x08003324       0x18 Drivers\STM32F7xx_HAL_Driver\Src\stm32f7xx_ll_usb.o
                0x08003324                USB_DevDisconnect
 .text.USB_ReadInterrupts
                0x0800333c        0x8 Drivers\STM32F7xx_HAL_Driver\Src\stm32f7xx_ll_usb.o
                0x0800333c                USB_ReadInterrupts
 .text.USB_ReadDevAllOutEpInterrupt
                0x08003344       0x10 Drivers\STM32F7xx_HAL_Driver\Src\stm32f7xx_ll_usb.o
                0x08003344                USB_ReadDevAllOutEpInterrupt
 .text.USB_ReadDevAllInEpInterrupt
                0x08003354       0x10 Drivers\STM32F7xx_HAL_Driver\Src\stm32f7xx_ll_usb.o
                0x08003354                USB_ReadDevAllInEpInterrupt
 .text.USB_ReadDevOutEPInterrupt
                0x08003364       0x12 Drivers\STM32F7xx_HAL_Driver\Src\stm32f7xx_ll_usb.o
                0x08003364                USB_ReadDevOutEPInterrupt
 .text.USB_ReadDevInEPInterrupt
                0x08003376       0x24 Drivers\STM32F7xx_HAL_Driver\Src\stm32f7xx_ll_usb.o
                0x08003376                USB_ReadDevInEPInterrupt
 .text.USB_GetMode
                0x0800339a        0x8 Drivers\STM32F7xx_HAL_Driver\Src\stm32f7xx_ll_usb.o
                0x0800339a                USB_GetMode
 .text.USB_ActivateSetup
                0x080033a2       0x36 Drivers\STM32F7xx_HAL_Driver\Src\stm32f7xx_ll_usb.o
                0x080033a2                USB_ActivateSetup
 .text.USB_EP0_OutStart
                0x080033d8       0x40 Drivers\STM32F7xx_HAL_Driver\Src\stm32f7xx_ll_usb.o
                0x080033d8                USB_EP0_OutStart
 .text.USBD_CDC_EP0_RxReady
                0x08003418       0x28 Middlewares\ST\STM32_USB_Device_Library\Class\CDC\Src\usbd_cdc.o
 .text.USBD_CDC_GetFSCfgDesc
                0x08003440        0xc Middlewares\ST\STM32_USB_Device_Library\Class\CDC\Src\usbd_cdc.o
 .text.USBD_CDC_GetHSCfgDesc
                0x0800344c        0xc Middlewares\ST\STM32_USB_Device_Library\Class\CDC\Src\usbd_cdc.o
 .text.USBD_CDC_GetOtherSpeedCfgDesc
                0x08003458        0xc Middlewares\ST\STM32_USB_Device_Library\Class\CDC\Src\usbd_cdc.o
 .text.USBD_CDC_GetDeviceQualifierDescriptor
                0x08003464        0xc Middlewares\ST\STM32_USB_Device_Library\Class\CDC\Src\usbd_cdc.o
                0x08003464                USBD_CDC_GetDeviceQualifierDescriptor
 .text.USBD_CDC_DataOut
                0x08003470       0x2e Middlewares\ST\STM32_USB_Device_Library\Class\CDC\Src\usbd_cdc.o
 .text.USBD_CDC_DataIn
                0x0800349e       0x42 Middlewares\ST\STM32_USB_Device_Library\Class\CDC\Src\usbd_cdc.o
 .text.USBD_CDC_Setup
                0x080034e0       0xbc Middlewares\ST\STM32_USB_Device_Library\Class\CDC\Src\usbd_cdc.o
 .text.USBD_CDC_DeInit
                0x0800359c       0x42 Middlewares\ST\STM32_USB_Device_Library\Class\CDC\Src\usbd_cdc.o
 .text.USBD_CDC_Init
                0x080035de       0xaa Middlewares\ST\STM32_USB_Device_Library\Class\CDC\Src\usbd_cdc.o
 .text.USBD_CDC_RegisterInterface
                0x08003688        0xe Middlewares\ST\STM32_USB_Device_Library\Class\CDC\Src\usbd_cdc.o
                0x08003688                USBD_CDC_RegisterInterface
 .text.USBD_CDC_SetTxBuffer
                0x08003696       0x10 Middlewares\ST\STM32_USB_Device_Library\Class\CDC\Src\usbd_cdc.o
                0x08003696                USBD_CDC_SetTxBuffer
 .text.USBD_CDC_SetRxBuffer
                0x080036a6        0xc Middlewares\ST\STM32_USB_Device_Library\Class\CDC\Src\usbd_cdc.o
                0x080036a6                USBD_CDC_SetRxBuffer
 .text.USBD_CDC_TransmitPacket
                0x080036b2       0x32 Middlewares\ST\STM32_USB_Device_Library\Class\CDC\Src\usbd_cdc.o
                0x080036b2                USBD_CDC_TransmitPacket
 .text.USBD_CDC_ReceivePacket
                0x080036e4       0x26 Middlewares\ST\STM32_USB_Device_Library\Class\CDC\Src\usbd_cdc.o
                0x080036e4                USBD_CDC_ReceivePacket
 .text.USBD_Init
                0x0800370a       0x2a Middlewares\ST\STM32_USB_Device_Library\Core\Src\usbd_core.o
                0x0800370a                USBD_Init
 .text.USBD_RegisterClass
                0x08003734        0xe Middlewares\ST\STM32_USB_Device_Library\Core\Src\usbd_core.o
                0x08003734                USBD_RegisterClass
 .text.USBD_Start
                0x08003742        0xa Middlewares\ST\STM32_USB_Device_Library\Core\Src\usbd_core.o
                0x08003742                USBD_Start
 .text.USBD_SetClassConfig
                0x0800374c       0x16 Middlewares\ST\STM32_USB_Device_Library\Core\Src\usbd_core.o
                0x0800374c                USBD_SetClassConfig
 .text.USBD_ClrClassConfig
                0x08003762        0xe Middlewares\ST\STM32_USB_Device_Library\Core\Src\usbd_core.o
                0x08003762                USBD_ClrClassConfig
 .text.USBD_LL_SetupStage
                0x08003770       0x5a Middlewares\ST\STM32_USB_Device_Library\Core\Src\usbd_core.o
                0x08003770                USBD_LL_SetupStage
 .text.USBD_LL_DataOutStage
                0x080037ca       0x70 Middlewares\ST\STM32_USB_Device_Library\Core\Src\usbd_core.o
                0x080037ca                USBD_LL_DataOutStage
 .text.USBD_LL_DataInStage
                0x0800383a       0xb6 Middlewares\ST\STM32_USB_Device_Library\Core\Src\usbd_core.o
                0x0800383a                USBD_LL_DataInStage
 .text.USBD_LL_Reset
                0x080038f0       0x4e Middlewares\ST\STM32_USB_Device_Library\Core\Src\usbd_core.o
                0x080038f0                USBD_LL_Reset
 .text.USBD_LL_SetSpeed
                0x0800393e        0x6 Middlewares\ST\STM32_USB_Device_Library\Core\Src\usbd_core.o
                0x0800393e                USBD_LL_SetSpeed
 .text.USBD_LL_Suspend
                0x08003944       0x12 Middlewares\ST\STM32_USB_Device_Library\Core\Src\usbd_core.o
                0x08003944                USBD_LL_Suspend
 .text.USBD_LL_Resume
                0x08003956        0xc Middlewares\ST\STM32_USB_Device_Library\Core\Src\usbd_core.o
                0x08003956                USBD_LL_Resume
 .text.USBD_LL_SOF
                0x08003962       0x18 Middlewares\ST\STM32_USB_Device_Library\Core\Src\usbd_core.o
                0x08003962                USBD_LL_SOF
 .text.USBD_LL_IsoINIncomplete
                0x0800397a        0x4 Middlewares\ST\STM32_USB_Device_Library\Core\Src\usbd_core.o
                0x0800397a                USBD_LL_IsoINIncomplete
 .text.USBD_LL_IsoOUTIncomplete
                0x0800397e        0x4 Middlewares\ST\STM32_USB_Device_Library\Core\Src\usbd_core.o
                0x0800397e                USBD_LL_IsoOUTIncomplete
 .text.USBD_LL_DevConnected
                0x08003982        0x4 Middlewares\ST\STM32_USB_Device_Library\Core\Src\usbd_core.o
                0x08003982                USBD_LL_DevConnected
 .text.USBD_LL_DevDisconnected
                0x08003986       0x16 Middlewares\ST\STM32_USB_Device_Library\Core\Src\usbd_core.o
                0x08003986                USBD_LL_DevDisconnected
 .text.USBD_CtlError.constprop.1
                0x0800399c       0x16 Middlewares\ST\STM32_USB_Device_Library\Core\Src\usbd_ctlreq.o
 *fill*         0x080039b2        0x2 
 .text.USBD_StdDevReq
                0x080039b4      0x244 Middlewares\ST\STM32_USB_Device_Library\Core\Src\usbd_ctlreq.o
                0x080039b4                USBD_StdDevReq
 .text.USBD_StdItfReq
                0x08003bf8       0x4a Middlewares\ST\STM32_USB_Device_Library\Core\Src\usbd_ctlreq.o
                0x08003bf8                USBD_StdItfReq
 .text.USBD_StdEPReq
                0x08003c42      0x114 Middlewares\ST\STM32_USB_Device_Library\Core\Src\usbd_ctlreq.o
                0x08003c42                USBD_StdEPReq
 .text.USBD_ParseSetupRequest
                0x08003d56       0x28 Middlewares\ST\STM32_USB_Device_Library\Core\Src\usbd_ctlreq.o
                0x08003d56                USBD_ParseSetupRequest
 .text.USBD_CtlError
                0x08003d7e       0x16 Middlewares\ST\STM32_USB_Device_Library\Core\Src\usbd_ctlreq.o
                0x08003d7e                USBD_CtlError
 .text.USBD_GetString
                0x08003d94       0x38 Middlewares\ST\STM32_USB_Device_Library\Core\Src\usbd_ctlreq.o
                0x08003d94                USBD_GetString
 .text.USBD_CtlSendData
                0x08003dcc       0x1a Middlewares\ST\STM32_USB_Device_Library\Core\Src\usbd_ioreq.o
                0x08003dcc                USBD_CtlSendData
 .text.USBD_CtlContinueSendData
                0x08003de6       0x10 Middlewares\ST\STM32_USB_Device_Library\Core\Src\usbd_ioreq.o
                0x08003de6                USBD_CtlContinueSendData
 .text.USBD_CtlPrepareRx
                0x08003df6       0x1e Middlewares\ST\STM32_USB_Device_Library\Core\Src\usbd_ioreq.o
                0x08003df6                USBD_CtlPrepareRx
 .text.USBD_CtlContinueRx
                0x08003e14       0x10 Middlewares\ST\STM32_USB_Device_Library\Core\Src\usbd_ioreq.o
                0x08003e14                USBD_CtlContinueRx
 .text.USBD_CtlSendStatus
                0x08003e24       0x16 Middlewares\ST\STM32_USB_Device_Library\Core\Src\usbd_ioreq.o
                0x08003e24                USBD_CtlSendStatus
 .text.USBD_CtlReceiveStatus
                0x08003e3a       0x16 Middlewares\ST\STM32_USB_Device_Library\Core\Src\usbd_ioreq.o
                0x08003e3a                USBD_CtlReceiveStatus
 .text.osKernelStart
                0x08003e50        0xa Middlewares\Third_Party\FreeRTOS\Source\CMSIS_RTOS\cmsis_os.o
                0x08003e50                osKernelStart
 .text.osKernelSysTick
                0x08003e5a        0xe Middlewares\Third_Party\FreeRTOS\Source\CMSIS_RTOS\cmsis_os.o
                0x08003e5a                osKernelSysTick
 .text.osThreadCreate
                0x08003e68       0x30 Middlewares\Third_Party\FreeRTOS\Source\CMSIS_RTOS\cmsis_os.o
                0x08003e68                osThreadCreate
 .text.osDelay  0x08003e98       0x10 Middlewares\Third_Party\FreeRTOS\Source\CMSIS_RTOS\cmsis_os.o
                0x08003e98                osDelay
 .text.osMutexCreate
                0x08003ea8        0x6 Middlewares\Third_Party\FreeRTOS\Source\CMSIS_RTOS\cmsis_os.o
                0x08003ea8                osMutexCreate
 *fill*         0x08003eae        0x2 
 .text.osMutexWait
                0x08003eb0       0x50 Middlewares\Third_Party\FreeRTOS\Source\CMSIS_RTOS\cmsis_os.o
                0x08003eb0                osMutexWait
 .text.osSemaphoreCreate
                0x08003f00       0x26 Middlewares\Third_Party\FreeRTOS\Source\CMSIS_RTOS\cmsis_os.o
                0x08003f00                osSemaphoreCreate
 *fill*         0x08003f26        0x2 
 .text.osSemaphoreWait
                0x08003f28       0x50 Middlewares\Third_Party\FreeRTOS\Source\CMSIS_RTOS\cmsis_os.o
                0x08003f28                osSemaphoreWait
 .text.osSemaphoreRelease
                0x08003f78       0x48 Middlewares\Third_Party\FreeRTOS\Source\CMSIS_RTOS\cmsis_os.o
                0x08003f78                osSemaphoreRelease
 .text.osMutexRelease
                0x08003fc0        0x4 Middlewares\Third_Party\FreeRTOS\Source\CMSIS_RTOS\cmsis_os.o
                0x08003fc0                osMutexRelease
 .text.osMessageCreate
                0x08003fc4        0x8 Middlewares\Third_Party\FreeRTOS\Source\CMSIS_RTOS\cmsis_os.o
                0x08003fc4                osMessageCreate
 .text.osMessagePut
                0x08003fcc       0x50 Middlewares\Third_Party\FreeRTOS\Source\CMSIS_RTOS\cmsis_os.o
                0x08003fcc                osMessagePut
 .text.osMessageGet
                0x0800401c       0x74 Middlewares\Third_Party\FreeRTOS\Source\CMSIS_RTOS\cmsis_os.o
                0x0800401c                osMessageGet
 .text.osSystickHandler
                0x08004090       0x14 Middlewares\Third_Party\FreeRTOS\Source\CMSIS_RTOS\cmsis_os.o
                0x08004090                osSystickHandler
 .text.vListInitialise
                0x080040a4       0x16 Middlewares\Third_Party\FreeRTOS\Source\list.o
                0x080040a4                vListInitialise
 .text.vListInitialiseItem
                0x080040ba        0x6 Middlewares\Third_Party\FreeRTOS\Source\list.o
                0x080040ba                vListInitialiseItem
 .text.vListInsertEnd
                0x080040c0       0x18 Middlewares\Third_Party\FreeRTOS\Source\list.o
                0x080040c0                vListInsertEnd
 .text.vListInsert
                0x080040d8       0x2e Middlewares\Third_Party\FreeRTOS\Source\list.o
                0x080040d8                vListInsert
 .text.uxListRemove
                0x08004106       0x20 Middlewares\Third_Party\FreeRTOS\Source\list.o
                0x08004106                uxListRemove
 *fill*         0x08004126        0x2 
 .text.prvTaskExitError
                0x08004128       0x38 Middlewares\Third_Party\FreeRTOS\Source\portable\GCC\ARM_CM7\r0p1\port.o
 .text.prvPortStartFirstTask
                0x08004160       0x20 Middlewares\Third_Party\FreeRTOS\Source\portable\GCC\ARM_CM7\r0p1\port.o
 .text.vPortEnableVFP
                0x08004180       0x14 Middlewares\Third_Party\FreeRTOS\Source\portable\GCC\ARM_CM7\r0p1\port.o
 .text.pxPortInitialiseStack
                0x08004194       0x24 Middlewares\Third_Party\FreeRTOS\Source\portable\GCC\ARM_CM7\r0p1\port.o
                0x08004194                pxPortInitialiseStack
 *fill*         0x080041b8        0x8 
 .text.SVC_Handler
                0x080041c0       0x24 Middlewares\Third_Party\FreeRTOS\Source\portable\GCC\ARM_CM7\r0p1\port.o
                0x080041c0                SVC_Handler
 .text.vPortEnterCritical
                0x080041e4       0x4c Middlewares\Third_Party\FreeRTOS\Source\portable\GCC\ARM_CM7\r0p1\port.o
                0x080041e4                vPortEnterCritical
 .text.vPortExitCritical
                0x08004230       0x2c Middlewares\Third_Party\FreeRTOS\Source\portable\GCC\ARM_CM7\r0p1\port.o
                0x08004230                vPortExitCritical
 *fill*         0x0800425c        0x4 
 .text.PendSV_Handler
                0x08004260       0x64 Middlewares\Third_Party\FreeRTOS\Source\portable\GCC\ARM_CM7\r0p1\port.o
                0x08004260                PendSV_Handler
 .text.xPortSysTickHandler
                0x080042c4       0x30 Middlewares\Third_Party\FreeRTOS\Source\portable\GCC\ARM_CM7\r0p1\port.o
                0x080042c4                xPortSysTickHandler
 .text.vPortSetupTimerInterrupt
                0x080042f4       0x28 Middlewares\Third_Party\FreeRTOS\Source\portable\GCC\ARM_CM7\r0p1\port.o
                0x080042f4                vPortSetupTimerInterrupt
 .text.xPortStartScheduler
                0x0800431c       0xa8 Middlewares\Third_Party\FreeRTOS\Source\portable\GCC\ARM_CM7\r0p1\port.o
                0x0800431c                xPortStartScheduler
 .text.vPortValidateInterruptPriority
                0x080043c4       0x64 Middlewares\Third_Party\FreeRTOS\Source\portable\GCC\ARM_CM7\r0p1\port.o
                0x080043c4                vPortValidateInterruptPriority
 .text.unlikely.prvInsertBlockIntoFreeList
                0x08004428       0x48 Middlewares\Third_Party\FreeRTOS\Source\portable\MemMang\heap_4.o
 .text.pvPortMalloc
                0x08004470      0x124 Middlewares\Third_Party\FreeRTOS\Source\portable\MemMang\heap_4.o
                0x08004470                pvPortMalloc
 .text.vPortFree
                0x08004594       0x78 Middlewares\Third_Party\FreeRTOS\Source\portable\MemMang\heap_4.o
                0x08004594                vPortFree
 .text.unlikely.prvCopyDataToQueue
                0x0800460c       0x66 Middlewares\Third_Party\FreeRTOS\Source\queue.o
 .text.unlikely.prvCopyDataFromQueue
                0x08004672       0x2a Middlewares\Third_Party\FreeRTOS\Source\queue.o
 .text.prvUnlockQueue
                0x0800469c       0x70 Middlewares\Third_Party\FreeRTOS\Source\queue.o
 .text.xQueueGenericReset
                0x0800470c       0x84 Middlewares\Third_Party\FreeRTOS\Source\queue.o
                0x0800470c                xQueueGenericReset
 .text.xQueueGenericCreate
                0x08004790       0x46 Middlewares\Third_Party\FreeRTOS\Source\queue.o
                0x08004790                xQueueGenericCreate
 *fill*         0x080047d6        0x2 
 .text.xQueueGenericSend
                0x080047d8      0x17c Middlewares\Third_Party\FreeRTOS\Source\queue.o
                0x080047d8                xQueueGenericSend
 .text.xQueueCreateMutex
                0x08004954       0x24 Middlewares\Third_Party\FreeRTOS\Source\queue.o
                0x08004954                xQueueCreateMutex
 .text.xQueueGenericSendFromISR
                0x08004978       0xd4 Middlewares\Third_Party\FreeRTOS\Source\queue.o
                0x08004978                xQueueGenericSendFromISR
 .text.xQueueGiveFromISR
                0x08004a4c       0xba Middlewares\Third_Party\FreeRTOS\Source\queue.o
                0x08004a4c                xQueueGiveFromISR
 *fill*         0x08004b06        0x2 
 .text.xQueueGenericReceive
                0x08004b08      0x194 Middlewares\Third_Party\FreeRTOS\Source\queue.o
                0x08004b08                xQueueGenericReceive
 .text.xQueueReceiveFromISR
                0x08004c9c       0xac Middlewares\Third_Party\FreeRTOS\Source\queue.o
                0x08004c9c                xQueueReceiveFromISR
 .text.prvResetNextTaskUnblockTime
                0x08004d48       0x24 Middlewares\Third_Party\FreeRTOS\Source\tasks.o
 .text.prvAddCurrentTaskToDelayedList
                0x08004d6c       0x8c Middlewares\Third_Party\FreeRTOS\Source\tasks.o
 .text.vTaskSetTimeOutState.part.5
                0x08004df8       0x16 Middlewares\Third_Party\FreeRTOS\Source\tasks.o
 *fill*         0x08004e0e        0x2 
 .text.xTaskCreate
                0x08004e10      0x1a0 Middlewares\Third_Party\FreeRTOS\Source\tasks.o
                0x08004e10                xTaskCreate
 .text.vTaskStartScheduler
                0x08004fb0       0x80 Middlewares\Third_Party\FreeRTOS\Source\tasks.o
                0x08004fb0                vTaskStartScheduler
 .text.vTaskSuspendAll
                0x08005030       0x10 Middlewares\Third_Party\FreeRTOS\Source\tasks.o
                0x08005030                vTaskSuspendAll
 .text.xTaskGetTickCount
                0x08005040        0xc Middlewares\Third_Party\FreeRTOS\Source\tasks.o
                0x08005040                xTaskGetTickCount
 .text.xTaskGetTickCountFromISR
                0x0800504c       0x10 Middlewares\Third_Party\FreeRTOS\Source\tasks.o
                0x0800504c                xTaskGetTickCountFromISR
 .text.xTaskIncrementTick
                0x0800505c      0x128 Middlewares\Third_Party\FreeRTOS\Source\tasks.o
                0x0800505c                xTaskIncrementTick
 .text.xTaskResumeAll
                0x08005184       0xf4 Middlewares\Third_Party\FreeRTOS\Source\tasks.o
                0x08005184                xTaskResumeAll
 .text.vTaskDelay
                0x08005278       0x4c Middlewares\Third_Party\FreeRTOS\Source\tasks.o
                0x08005278                vTaskDelay
 .text.prvIdleTask
                0x080052c4       0x74 Middlewares\Third_Party\FreeRTOS\Source\tasks.o
 .text.vTaskSwitchContext
                0x08005338       0x78 Middlewares\Third_Party\FreeRTOS\Source\tasks.o
                0x08005338                vTaskSwitchContext
 .text.vTaskPlaceOnEventList
                0x080053b0       0x38 Middlewares\Third_Party\FreeRTOS\Source\tasks.o
                0x080053b0                vTaskPlaceOnEventList
 .text.xTaskRemoveFromEventList
                0x080053e8       0x88 Middlewares\Third_Party\FreeRTOS\Source\tasks.o
                0x080053e8                xTaskRemoveFromEventList
 .text.vTaskSetTimeOutState
                0x08005470       0x20 Middlewares\Third_Party\FreeRTOS\Source\tasks.o
                0x08005470                vTaskSetTimeOutState
 .text.xTaskCheckForTimeOut
                0x08005490       0x7c Middlewares\Third_Party\FreeRTOS\Source\tasks.o
                0x08005490                xTaskCheckForTimeOut
 .text.vTaskMissedYield
                0x0800550c        0xc Middlewares\Third_Party\FreeRTOS\Source\tasks.o
                0x0800550c                vTaskMissedYield
 .text.xTaskGetSchedulerState
                0x08005518       0x20 Middlewares\Third_Party\FreeRTOS\Source\tasks.o
                0x08005518                xTaskGetSchedulerState
 .text.vTaskPriorityInherit
                0x08005538       0x8c Middlewares\Third_Party\FreeRTOS\Source\tasks.o
                0x08005538                vTaskPriorityInherit
 .text.xTaskPriorityDisinherit
                0x080055c4       0xa8 Middlewares\Third_Party\FreeRTOS\Source\tasks.o
                0x080055c4                xTaskPriorityDisinherit
 .text.pvTaskIncrementMutexHeldCount
                0x0800566c       0x18 Middlewares\Third_Party\FreeRTOS\Source\tasks.o
                0x0800566c                pvTaskIncrementMutexHeldCount
 .text.tcpip_thread
                0x08005684       0x94 Middlewares\Third_Party\LwIP\src\api\tcpip.o
 .text.tcpip_inpkt
                0x08005718       0x58 Middlewares\Third_Party\LwIP\src\api\tcpip.o
                0x08005718                tcpip_inpkt
 .text.tcpip_input
                0x08005770       0x1c Middlewares\Third_Party\LwIP\src\api\tcpip.o
                0x08005770                tcpip_input
 .text.tcpip_callback_with_block
                0x0800578c       0x60 Middlewares\Third_Party\LwIP\src\api\tcpip.o
                0x0800578c                tcpip_callback_with_block
 .text.tcpip_init
                0x080057ec       0x80 Middlewares\Third_Party\LwIP\src\api\tcpip.o
                0x080057ec                tcpip_init
 .text.lwip_htons
                0x0800586c        0x6 Middlewares\Third_Party\LwIP\src\core\def.o
                0x0800586c                lwip_htons
 .text.lwip_htonl
                0x08005872        0x4 Middlewares\Third_Party\LwIP\src\core\def.o
                0x08005872                lwip_htonl
 .text.lwip_init
                0x08005876       0x22 Middlewares\Third_Party\LwIP\src\core\init.o
                0x08005876                lwip_init
 .text.etharp_free_entry
                0x08005898       0x28 Middlewares\Third_Party\LwIP\src\core\ipv4\etharp.o
 .text.etharp_raw
                0x080058c0       0xd8 Middlewares\Third_Party\LwIP\src\core\ipv4\etharp.o
 .text.etharp_find_entry.isra.0
                0x08005998      0x114 Middlewares\Third_Party\LwIP\src\core\ipv4\etharp.o
 .text.etharp_cleanup_netif
                0x08005aac       0x28 Middlewares\Third_Party\LwIP\src\core\ipv4\etharp.o
                0x08005aac                etharp_cleanup_netif
 .text.etharp_input
                0x08005ad4      0x13c Middlewares\Third_Party\LwIP\src\core\ipv4\etharp.o
                0x08005ad4                etharp_input
 .text.etharp_request
                0x08005c10       0x2c Middlewares\Third_Party\LwIP\src\core\ipv4\etharp.o
                0x08005c10                etharp_request
 .text.etharp_tmr
                0x08005c3c       0x54 Middlewares\Third_Party\LwIP\src\core\ipv4\etharp.o
                0x08005c3c                etharp_tmr
 .text.etharp_output_to_arp_index
                0x08005c90       0xb8 Middlewares\Third_Party\LwIP\src\core\ipv4\etharp.o
 .text.etharp_query
                0x08005d48      0x150 Middlewares\Third_Party\LwIP\src\core\ipv4\etharp.o
                0x08005d48                etharp_query
 .text.etharp_output
                0x08005e98      0x128 Middlewares\Third_Party\LwIP\src\core\ipv4\etharp.o
                0x08005e98                etharp_output
 .text.icmp_send_response.isra.0
                0x08005fc0       0x94 Middlewares\Third_Party\LwIP\src\core\ipv4\icmp.o
 .text.icmp_input
                0x08006054      0x130 Middlewares\Third_Party\LwIP\src\core\ipv4\icmp.o
                0x08006054                icmp_input
 .text.icmp_dest_unreach
                0x08006184        0xa Middlewares\Third_Party\LwIP\src\core\ipv4\icmp.o
                0x08006184                icmp_dest_unreach
 .text.icmp_time_exceeded
                0x0800618e        0xa Middlewares\Third_Party\LwIP\src\core\ipv4\icmp.o
                0x0800618e                icmp_time_exceeded
 .text.ip4_route
                0x08006198       0x58 Middlewares\Third_Party\LwIP\src\core\ipv4\ip4.o
                0x08006198                ip4_route
 .text.ip4_input
                0x080061f0      0x184 Middlewares\Third_Party\LwIP\src\core\ipv4\ip4.o
                0x080061f0                ip4_input
 .text.ip4_output_if_src
                0x08006374       0xf0 Middlewares\Third_Party\LwIP\src\core\ipv4\ip4.o
                0x08006374                ip4_output_if_src
 .text.ip4_output_if
                0x08006464       0x22 Middlewares\Third_Party\LwIP\src\core\ipv4\ip4.o
                0x08006464                ip4_output_if
 .text.ip4_addr_isbroadcast_u32
                0x08006486       0x32 Middlewares\Third_Party\LwIP\src\core\ipv4\ip4_addr.o
                0x08006486                ip4_addr_isbroadcast_u32
 .text.ip_reass_dequeue_datagram
                0x080064b8       0x44 Middlewares\Third_Party\LwIP\src\core\ipv4\ip4_frag.o
 .text.ip_reass_free_complete_datagram
                0x080064fc       0xe8 Middlewares\Third_Party\LwIP\src\core\ipv4\ip4_frag.o
 .text.ip_reass_remove_oldest_datagram
                0x080065e4       0x78 Middlewares\Third_Party\LwIP\src\core\ipv4\ip4_frag.o
 .text.ip_frag_free_pbuf_custom_ref
                0x0800665c       0x2c Middlewares\Third_Party\LwIP\src\core\ipv4\ip4_frag.o
 .text.ipfrag_free_pbuf_custom
                0x08006688       0x34 Middlewares\Third_Party\LwIP\src\core\ipv4\ip4_frag.o
 .text.ip_reass_tmr
                0x080066bc       0x28 Middlewares\Third_Party\LwIP\src\core\ipv4\ip4_frag.o
                0x080066bc                ip_reass_tmr
 .text.ip4_reass
                0x080066e4      0x354 Middlewares\Third_Party\LwIP\src\core\ipv4\ip4_frag.o
                0x080066e4                ip4_reass
 .text.ip4_frag
                0x08006a38      0x1b4 Middlewares\Third_Party\LwIP\src\core\ipv4\ip4_frag.o
                0x08006a38                ip4_frag
 .text.mem_init
                0x08006bec       0x6c Middlewares\Third_Party\LwIP\src\core\mem.o
                0x08006bec                mem_init
 .text.mem_free
                0x08006c58      0x174 Middlewares\Third_Party\LwIP\src\core\mem.o
                0x08006c58                mem_free
 .text.mem_trim
                0x08006dcc      0x118 Middlewares\Third_Party\LwIP\src\core\mem.o
                0x08006dcc                mem_trim
 .text.mem_malloc
                0x08006ee4      0x13c Middlewares\Third_Party\LwIP\src\core\mem.o
                0x08006ee4                mem_malloc
 .text.do_memp_malloc_pool.isra.0
                0x08007020       0x3c Middlewares\Third_Party\LwIP\src\core\memp.o
 .text.do_memp_free_pool.isra.1
                0x0800705c       0x38 Middlewares\Third_Party\LwIP\src\core\memp.o
 .text.memp_init_pool
                0x08007094       0x26 Middlewares\Third_Party\LwIP\src\core\memp.o
                0x08007094                memp_init_pool
 *fill*         0x080070ba        0x2 
 .text.memp_init
                0x080070bc       0x1c Middlewares\Third_Party\LwIP\src\core\memp.o
                0x080070bc                memp_init
 .text.memp_malloc
                0x080070d8       0x38 Middlewares\Third_Party\LwIP\src\core\memp.o
                0x080070d8                memp_malloc
 .text.memp_free
                0x08007110       0x34 Middlewares\Third_Party\LwIP\src\core\memp.o
                0x08007110                memp_free
 .text.netif_issue_reports.part.0
                0x08007144       0x12 Middlewares\Third_Party\LwIP\src\core\netif.o
 .text.netif_init
                0x08007156        0x2 Middlewares\Third_Party\LwIP\src\core\netif.o
                0x08007156                netif_init
 .text.netif_set_ipaddr
                0x08007158       0x44 Middlewares\Third_Party\LwIP\src\core\netif.o
                0x08007158                netif_set_ipaddr
 .text.netif_set_addr
                0x0800719c       0x38 Middlewares\Third_Party\LwIP\src\core\netif.o
                0x0800719c                netif_set_addr
 .text.netif_add
                0x080071d4       0x7c Middlewares\Third_Party\LwIP\src\core\netif.o
                0x080071d4                netif_add
 .text.netif_set_default
                0x08007250        0xc Middlewares\Third_Party\LwIP\src\core\netif.o
                0x08007250                netif_set_default
 .text.netif_set_up
                0x0800725c       0x1e Middlewares\Third_Party\LwIP\src\core\netif.o
                0x0800725c                netif_set_up
 .text.netif_set_down
                0x0800727a       0x1a Middlewares\Third_Party\LwIP\src\core\netif.o
                0x0800727a                netif_set_down
 .text.pbuf_free_ooseq_callback
                0x08007294       0x34 Middlewares\Third_Party\LwIP\src\core\pbuf.o
 .text.pbuf_header_impl
                0x080072c8       0x9c Middlewares\Third_Party\LwIP\src\core\pbuf.o
 .text.pbuf_pool_is_empty
                0x08007364       0x3c Middlewares\Third_Party\LwIP\src\core\pbuf.o
 .text.pbuf_alloced_custom
                0x080073a0       0x70 Middlewares\Third_Party\LwIP\src\core\pbuf.o
                0x080073a0                pbuf_alloced_custom
 .text.pbuf_header
                0x08007410        0x6 Middlewares\Third_Party\LwIP\src\core\pbuf.o
                0x08007410                pbuf_header
 .text.pbuf_header_force
                0x08007416        0x6 Middlewares\Third_Party\LwIP\src\core\pbuf.o
                0x08007416                pbuf_header_force
 .text.pbuf_free
                0x0800741c       0xd4 Middlewares\Third_Party\LwIP\src\core\pbuf.o
                0x0800741c                pbuf_free
 .text.pbuf_alloc
                0x080074f0      0x1b8 Middlewares\Third_Party\LwIP\src\core\pbuf.o
                0x080074f0                pbuf_alloc
 .text.pbuf_realloc
                0x080076a8       0xe0 Middlewares\Third_Party\LwIP\src\core\pbuf.o
                0x080076a8                pbuf_realloc
 .text.pbuf_clen
                0x08007788       0x10 Middlewares\Third_Party\LwIP\src\core\pbuf.o
                0x08007788                pbuf_clen
 .text.pbuf_ref
                0x08007798       0x38 Middlewares\Third_Party\LwIP\src\core\pbuf.o
                0x08007798                pbuf_ref
 .text.pbuf_cat
                0x080077d0       0x74 Middlewares\Third_Party\LwIP\src\core\pbuf.o
                0x080077d0                pbuf_cat
 .text.pbuf_copy
                0x08007844      0x114 Middlewares\Third_Party\LwIP\src\core\pbuf.o
                0x08007844                pbuf_copy
 .text.pbuf_copy_partial
                0x08007958       0x8c Middlewares\Third_Party\LwIP\src\core\pbuf.o
                0x08007958                pbuf_copy_partial
 .text.tcp_close_shutdown_fin
                0x080079e4       0x60 Middlewares\Third_Party\LwIP\src\core\tcp.o
 .text.tcp_init
                0x08007a44        0x2 Middlewares\Third_Party\LwIP\src\core\tcp.o
                0x08007a44                tcp_init
 *fill*         0x08007a46        0x2 
 .text.tcp_update_rcv_ann_wnd
                0x08007a48       0x58 Middlewares\Third_Party\LwIP\src\core\tcp.o
                0x08007a48                tcp_update_rcv_ann_wnd
 .text.tcp_recved
                0x08007aa0       0x7c Middlewares\Third_Party\LwIP\src\core\tcp.o
                0x08007aa0                tcp_recved
 .text.tcp_seg_free
                0x08007b1c       0x1c Middlewares\Third_Party\LwIP\src\core\tcp.o
                0x08007b1c                tcp_seg_free
 .text.tcp_segs_free
                0x08007b38       0x10 Middlewares\Third_Party\LwIP\src\core\tcp.o
                0x08007b38                tcp_segs_free
 .text.tcp_seg_copy
                0x08007b48       0x2c Middlewares\Third_Party\LwIP\src\core\tcp.o
                0x08007b48                tcp_seg_copy
 .text.tcp_pcb_purge
                0x08007b74       0x40 Middlewares\Third_Party\LwIP\src\core\tcp.o
                0x08007b74                tcp_pcb_purge
 .text.tcp_slowtmr
                0x08007bb4      0x3c4 Middlewares\Third_Party\LwIP\src\core\tcp.o
                0x08007bb4                tcp_slowtmr
 .text.tcp_pcb_remove
                0x08007f78       0xa0 Middlewares\Third_Party\LwIP\src\core\tcp.o
                0x08007f78                tcp_pcb_remove
 .text.tcp_close_shutdown
                0x08008018      0x14c Middlewares\Third_Party\LwIP\src\core\tcp.o
 .text.tcp_close
                0x08008164       0x14 Middlewares\Third_Party\LwIP\src\core\tcp.o
                0x08008164                tcp_close
 .text.tcp_recv_null
                0x08008178       0x24 Middlewares\Third_Party\LwIP\src\core\tcp.o
                0x08008178                tcp_recv_null
 .text.tcp_process_refused_data
                0x0800819c       0x66 Middlewares\Third_Party\LwIP\src\core\tcp.o
                0x0800819c                tcp_process_refused_data
 *fill*         0x08008202        0x2 
 .text.tcp_fasttmr
                0x08008204       0x80 Middlewares\Third_Party\LwIP\src\core\tcp.o
                0x08008204                tcp_fasttmr
 .text.tcp_tmr  0x08008284       0x24 Middlewares\Third_Party\LwIP\src\core\tcp.o
                0x08008284                tcp_tmr
 .text.tcp_abandon
                0x080082a8       0xec Middlewares\Third_Party\LwIP\src\core\tcp.o
                0x080082a8                tcp_abandon
 .text.tcp_abort
                0x08008394        0x6 Middlewares\Third_Party\LwIP\src\core\tcp.o
                0x08008394                tcp_abort
 .text.tcp_netif_ip_addr_changed_pcblist
                0x0800839a       0x1c Middlewares\Third_Party\LwIP\src\core\tcp.o
 *fill*         0x080083b6        0x2 
 .text.tcp_kill_state
                0x080083b8       0x60 Middlewares\Third_Party\LwIP\src\core\tcp.o
 .text.tcp_alloc
                0x08008418      0x110 Middlewares\Third_Party\LwIP\src\core\tcp.o
                0x08008418                tcp_alloc
 .text.tcp_next_iss
                0x08008528       0x18 Middlewares\Third_Party\LwIP\src\core\tcp.o
                0x08008528                tcp_next_iss
 .text.tcp_eff_send_mss_impl
                0x08008540       0x1e Middlewares\Third_Party\LwIP\src\core\tcp.o
                0x08008540                tcp_eff_send_mss_impl
 *fill*         0x0800855e        0x2 
 .text.tcp_netif_ip_addr_changed
                0x08008560       0x4c Middlewares\Third_Party\LwIP\src\core\tcp.o
                0x08008560                tcp_netif_ip_addr_changed
 .text.tcp_oos_insert_segment
                0x080085ac       0x7c Middlewares\Third_Party\LwIP\src\core\tcp_in.o
 .text.tcp_receive
                0x08008628      0x9a8 Middlewares\Third_Party\LwIP\src\core\tcp_in.o
 .text.tcp_getoptbyte
                0x08008fd0       0x40 Middlewares\Third_Party\LwIP\src\core\tcp_in.o
 .text.tcp_parseopt.isra.1.part.2
                0x08009010       0x70 Middlewares\Third_Party\LwIP\src\core\tcp_in.o
 .text.tcp_input_delayed_close
                0x08009080       0x40 Middlewares\Third_Party\LwIP\src\core\tcp_in.o
 .text.tcp_input
                0x080090c0      0x9fc Middlewares\Third_Party\LwIP\src\core\tcp_in.o
                0x080090c0                tcp_input
 .text.tcp_trigger_input_pcb_close
                0x08009abc       0x10 Middlewares\Third_Party\LwIP\src\core\tcp_in.o
                0x08009abc                tcp_trigger_input_pcb_close
 .text.tcp_create_segment
                0x08009acc       0xcc Middlewares\Third_Party\LwIP\src\core\tcp_out.o
 .text.tcp_output_alloc_header.constprop.0
                0x08009b98       0x78 Middlewares\Third_Party\LwIP\src\core\tcp_out.o
 .text.tcp_enqueue_flags
                0x08009c10      0x12c Middlewares\Third_Party\LwIP\src\core\tcp_out.o
                0x08009c10                tcp_enqueue_flags
 .text.tcp_send_fin
                0x08009d3c       0x44 Middlewares\Third_Party\LwIP\src\core\tcp_out.o
                0x08009d3c                tcp_send_fin
 .text.tcp_send_empty_ack
                0x08009d80       0x6a Middlewares\Third_Party\LwIP\src\core\tcp_out.o
                0x08009d80                tcp_send_empty_ack
 *fill*         0x08009dea        0x2 
 .text.tcp_output
                0x08009dec      0x2fc Middlewares\Third_Party\LwIP\src\core\tcp_out.o
                0x08009dec                tcp_output
 .text.tcp_rst  0x0800a0e8       0xb4 Middlewares\Third_Party\LwIP\src\core\tcp_out.o
                0x0800a0e8                tcp_rst
 .text.tcp_rexmit_rto
                0x0800a19c       0x38 Middlewares\Third_Party\LwIP\src\core\tcp_out.o
                0x0800a19c                tcp_rexmit_rto
 .text.tcp_rexmit
                0x0800a1d4       0x52 Middlewares\Third_Party\LwIP\src\core\tcp_out.o
                0x0800a1d4                tcp_rexmit
 .text.tcp_rexmit_fast
                0x0800a226       0x4e Middlewares\Third_Party\LwIP\src\core\tcp_out.o
                0x0800a226                tcp_rexmit_fast
 .text.tcp_keepalive
                0x0800a274       0x54 Middlewares\Third_Party\LwIP\src\core\tcp_out.o
                0x0800a274                tcp_keepalive
 .text.tcp_zero_window_probe
                0x0800a2c8       0xbe Middlewares\Third_Party\LwIP\src\core\tcp_out.o
                0x0800a2c8                tcp_zero_window_probe
 *fill*         0x0800a386        0x2 
 .text.sys_timeout
                0x0800a388       0xa4 Middlewares\Third_Party\LwIP\src\core\timeouts.o
                0x0800a388                sys_timeout
 .text.tcp_timer_needed
                0x0800a42c       0x34 Middlewares\Third_Party\LwIP\src\core\timeouts.o
                0x0800a42c                tcp_timer_needed
 .text.tcpip_tcp_timer
                0x0800a460       0x38 Middlewares\Third_Party\LwIP\src\core\timeouts.o
 .text.sys_timeouts_init
                0x0800a498       0x38 Middlewares\Third_Party\LwIP\src\core\timeouts.o
                0x0800a498                sys_timeouts_init
 .text.cyclic_timer
                0x0800a4d0       0x1c Middlewares\Third_Party\LwIP\src\core\timeouts.o
 .text.sys_timeouts_mbox_fetch
                0x0800a4ec       0xa4 Middlewares\Third_Party\LwIP\src\core\timeouts.o
                0x0800a4ec                sys_timeouts_mbox_fetch
 .text.udp_init
                0x0800a590        0x2 Middlewares\Third_Party\LwIP\src\core\udp.o
                0x0800a590                udp_init
 *fill*         0x0800a592        0x2 
 .text.udp_input
                0x0800a594      0x130 Middlewares\Third_Party\LwIP\src\core\udp.o
                0x0800a594                udp_input
 .text.udp_netif_ip_addr_changed
                0x0800a6c4       0x2c Middlewares\Third_Party\LwIP\src\core\udp.o
                0x0800a6c4                udp_netif_ip_addr_changed
 .text.ethernet_input
                0x0800a6f0       0x98 Middlewares\Third_Party\LwIP\src\netif\ethernet.o
                0x0800a6f0                ethernet_input
 .text.ethernet_output
                0x0800a788       0x70 Middlewares\Third_Party\LwIP\src\netif\ethernet.o
                0x0800a788                ethernet_output
 .text.sys_mbox_new
                0x0800a7f8       0x20 Middlewares\Third_Party\LwIP\system\OS\sys_arch.o
                0x0800a7f8                sys_mbox_new
 .text.sys_mbox_post
                0x0800a818       0x18 Middlewares\Third_Party\LwIP\system\OS\sys_arch.o
                0x0800a818                sys_mbox_post
 .text.sys_mbox_trypost
                0x0800a830       0x14 Middlewares\Third_Party\LwIP\system\OS\sys_arch.o
                0x0800a830                sys_mbox_trypost
 .text.sys_arch_mbox_fetch
                0x0800a844       0x44 Middlewares\Third_Party\LwIP\system\OS\sys_arch.o
                0x0800a844                sys_arch_mbox_fetch
 .text.sys_mbox_valid
                0x0800a888        0xa Middlewares\Third_Party\LwIP\system\OS\sys_arch.o
                0x0800a888                sys_mbox_valid
 *fill*         0x0800a892        0x2 
 .text.sys_init
                0x0800a894       0x18 Middlewares\Third_Party\LwIP\system\OS\sys_arch.o
                0x0800a894                sys_init
 .text.sys_mutex_new
                0x0800a8ac       0x1e Middlewares\Third_Party\LwIP\system\OS\sys_arch.o
                0x0800a8ac                sys_mutex_new
 .text.sys_mutex_lock
                0x0800a8ca        0xa Middlewares\Third_Party\LwIP\system\OS\sys_arch.o
                0x0800a8ca                sys_mutex_lock
 .text.sys_mutex_unlock
                0x0800a8d4        0x6 Middlewares\Third_Party\LwIP\system\OS\sys_arch.o
                0x0800a8d4                sys_mutex_unlock
 .text.sys_thread_new
                0x0800a8da       0x20 Middlewares\Third_Party\LwIP\system\OS\sys_arch.o
                0x0800a8da                sys_thread_new
 *fill*         0x0800a8fa        0x2 
 .text.sys_arch_protect
                0x0800a8fc       0x18 Middlewares\Third_Party\LwIP\system\OS\sys_arch.o
                0x0800a8fc                sys_arch_protect
 .text.sys_arch_unprotect
                0x0800a914        0xc Middlewares\Third_Party\LwIP\system\OS\sys_arch.o
                0x0800a914                sys_arch_unprotect
 .text.low_level_output
                0x0800a920       0xa0 Src\ethernetif.o
 .text.ethernetif_input
                0x0800a9c0       0xec Src\ethernetif.o
                0x0800a9c0                ethernetif_input
 .text.HAL_ETH_MspInit
                0x0800aaac       0xcc Src\ethernetif.o
                0x0800aaac                HAL_ETH_MspInit
 .text.HAL_ETH_RxCpltCallback
                0x0800ab78        0xc Src\ethernetif.o
                0x0800ab78                HAL_ETH_RxCpltCallback
 .text.ethernetif_init
                0x0800ab84      0x158 Src\ethernetif.o
                0x0800ab84                ethernetif_init
 .text.sys_now  0x0800acdc        0x4 Src\ethernetif.o
                0x0800acdc                sys_now
 .text.MX_LWIP_Init
                0x0800ace0       0xe0 Src\lwip.o
                0x0800ace0                MX_LWIP_Init
 .text.StartDefaultTask
                0x0800adc0       0x12 Src\main.o
                0x0800adc0                StartDefaultTask
 *fill*         0x0800add2        0x2 
 .text.SystemClock_Config
                0x0800add4       0xc0 Src\main.o
                0x0800add4                SystemClock_Config
 .text.startup.main
                0x0800ae94      0x148 Src\main.o
                0x0800ae94                main
 .text.HAL_TIM_PeriodElapsedCallback
                0x0800afdc       0x14 Src\main.o
                0x0800afdc                HAL_TIM_PeriodElapsedCallback
 .text._Error_Handler
                0x0800aff0        0x2 Src\main.o
                0x0800aff0                _Error_Handler
 *fill*         0x0800aff2        0x2 
 .text.HAL_MspInit
                0x0800aff4       0x8c Src\stm32f7xx_hal_msp.o
                0x0800aff4                HAL_MspInit
 .text.HAL_UART_MspInit
                0x0800b080       0x4c Src\stm32f7xx_hal_msp.o
                0x0800b080                HAL_UART_MspInit
 .text.HAL_InitTick
                0x0800b0cc       0x78 Src\stm32f7xx_hal_timebase_TIM.o
                0x0800b0cc                HAL_InitTick
 .text.SysTick_Handler
                0x0800b144        0x4 Src\stm32f7xx_it.o
                0x0800b144                SysTick_Handler
 .text.TIM1_UP_TIM10_IRQHandler
                0x0800b148        0xc Src\stm32f7xx_it.o
                0x0800b148                TIM1_UP_TIM10_IRQHandler
 .text.ETH_IRQHandler
                0x0800b154        0xc Src\stm32f7xx_it.o
                0x0800b154                ETH_IRQHandler
 .text.OTG_FS_IRQHandler
                0x0800b160        0xc Src\stm32f7xx_it.o
                0x0800b160                OTG_FS_IRQHandler
 .text._sbrk    0x0800b16c       0x40 Src\syscalls.o
                0x0800b16c                _sbrk
 .text._write   0x0800b1ac       0x1c Src\syscalls.o
                0x0800b1ac                _write
 .text._close   0x0800b1c8        0x6 Src\syscalls.o
                0x0800b1c8                _close
 .text._fstat   0x0800b1ce        0xa Src\syscalls.o
                0x0800b1ce                _fstat
 .text._isatty  0x0800b1d8        0x4 Src\syscalls.o
                0x0800b1d8                _isatty
 .text._lseek   0x0800b1dc        0x4 Src\syscalls.o
                0x0800b1dc                _lseek
 .text._read    0x0800b1e0       0x1c Src\syscalls.o
                0x0800b1e0                _read
 .text.SystemInit
                0x0800b1fc       0x4c Src\system_stm32f7xx.o
                0x0800b1fc                SystemInit
 .text.MX_USB_DEVICE_Init
                0x0800b248       0x38 Src\usb_device.o
                0x0800b248                MX_USB_DEVICE_Init
 .text.CDC_DeInit_FS
                0x0800b280        0x4 Src\usbd_cdc_if.o
 .text.CDC_Control_FS
                0x0800b284        0x4 Src\usbd_cdc_if.o
 .text.CDC_Init_FS
                0x0800b288       0x28 Src\usbd_cdc_if.o
 .text.CDC_Transmit_FS
                0x0800b2b0       0x2c Src\usbd_cdc_if.o
                0x0800b2b0                CDC_Transmit_FS
 .text.CDC_Receive_FS
                0x0800b2dc       0x28 Src\usbd_cdc_if.o
 .text.HAL_PCD_MspInit
                0x0800b304       0x80 Src\usbd_conf.o
                0x0800b304                HAL_PCD_MspInit
 .text.HAL_PCD_SetupStageCallback
                0x0800b384        0xc Src\usbd_conf.o
                0x0800b384                HAL_PCD_SetupStageCallback
 .text.HAL_PCD_DataOutStageCallback
                0x0800b390       0x12 Src\usbd_conf.o
                0x0800b390                HAL_PCD_DataOutStageCallback
 .text.HAL_PCD_DataInStageCallback
                0x0800b3a2       0x10 Src\usbd_conf.o
                0x0800b3a2                HAL_PCD_DataInStageCallback
 .text.HAL_PCD_SOFCallback
                0x0800b3b2        0x8 Src\usbd_conf.o
                0x0800b3b2                HAL_PCD_SOFCallback
 .text.HAL_PCD_ResetCallback
                0x0800b3ba       0x20 Src\usbd_conf.o
                0x0800b3ba                HAL_PCD_ResetCallback
 *fill*         0x0800b3da        0x2 
 .text.HAL_PCD_SuspendCallback
                0x0800b3dc       0x30 Src\usbd_conf.o
                0x0800b3dc                HAL_PCD_SuspendCallback
 .text.HAL_PCD_ResumeCallback
                0x0800b40c        0x8 Src\usbd_conf.o
                0x0800b40c                HAL_PCD_ResumeCallback
 .text.HAL_PCD_ISOOUTIncompleteCallback
                0x0800b414        0x8 Src\usbd_conf.o
                0x0800b414                HAL_PCD_ISOOUTIncompleteCallback
 .text.HAL_PCD_ISOINIncompleteCallback
                0x0800b41c        0x8 Src\usbd_conf.o
                0x0800b41c                HAL_PCD_ISOINIncompleteCallback
 .text.HAL_PCD_ConnectCallback
                0x0800b424        0x8 Src\usbd_conf.o
                0x0800b424                HAL_PCD_ConnectCallback
 .text.HAL_PCD_DisconnectCallback
                0x0800b42c        0x8 Src\usbd_conf.o
                0x0800b42c                HAL_PCD_DisconnectCallback
 .text.USBD_LL_Init
                0x0800b434       0x68 Src\usbd_conf.o
                0x0800b434                USBD_LL_Init
 .text.USBD_LL_Start
                0x0800b49c       0x1c Src\usbd_conf.o
                0x0800b49c                USBD_LL_Start
 .text.USBD_LL_OpenEP
                0x0800b4b8       0x20 Src\usbd_conf.o
                0x0800b4b8                USBD_LL_OpenEP
 .text.USBD_LL_CloseEP
                0x0800b4d8       0x1c Src\usbd_conf.o
                0x0800b4d8                USBD_LL_CloseEP
 .text.USBD_LL_StallEP
                0x0800b4f4       0x1c Src\usbd_conf.o
                0x0800b4f4                USBD_LL_StallEP
 .text.USBD_LL_ClearStallEP
                0x0800b510       0x1c Src\usbd_conf.o
                0x0800b510                USBD_LL_ClearStallEP
 .text.USBD_LL_IsStallEP
                0x0800b52c       0x26 Src\usbd_conf.o
                0x0800b52c                USBD_LL_IsStallEP
 *fill*         0x0800b552        0x2 
 .text.USBD_LL_SetUSBAddress
                0x0800b554       0x1c Src\usbd_conf.o
                0x0800b554                USBD_LL_SetUSBAddress
 .text.USBD_LL_Transmit
                0x0800b570       0x1c Src\usbd_conf.o
                0x0800b570                USBD_LL_Transmit
 .text.USBD_LL_PrepareReceive
                0x0800b58c       0x1c Src\usbd_conf.o
                0x0800b58c                USBD_LL_PrepareReceive
 .text.USBD_LL_GetRxDataSize
                0x0800b5a8        0xc Src\usbd_conf.o
                0x0800b5a8                USBD_LL_GetRxDataSize
 .text.HAL_PCDEx_LPM_Callback
                0x0800b5b4       0x64 Src\usbd_conf.o
                0x0800b5b4                HAL_PCDEx_LPM_Callback
 .text.USBD_FS_DeviceDescriptor
                0x0800b618        0xc Src\usbd_desc.o
                0x0800b618                USBD_FS_DeviceDescriptor
 .text.USBD_FS_LangIDStrDescriptor
                0x0800b624        0xc Src\usbd_desc.o
                0x0800b624                USBD_FS_LangIDStrDescriptor
 .text.USBD_FS_USR_BOSDescriptor
                0x0800b630        0xc Src\usbd_desc.o
                0x0800b630                USBD_FS_USR_BOSDescriptor
 .text.USBD_FS_ManufacturerStrDescriptor
                0x0800b63c       0x1c Src\usbd_desc.o
                0x0800b63c                USBD_FS_ManufacturerStrDescriptor
 .text.USBD_FS_ProductStrDescriptor
                0x0800b658       0x1c Src\usbd_desc.o
                0x0800b658                USBD_FS_ProductStrDescriptor
 .text.USBD_FS_SerialStrDescriptor
                0x0800b674       0x1c Src\usbd_desc.o
                0x0800b674                USBD_FS_SerialStrDescriptor
 .text.USBD_FS_ConfigStrDescriptor
                0x0800b690       0x1c Src\usbd_desc.o
                0x0800b690                USBD_FS_ConfigStrDescriptor
 .text.USBD_FS_InterfaceStrDescriptor
                0x0800b6ac       0x1c Src\usbd_desc.o
                0x0800b6ac                USBD_FS_InterfaceStrDescriptor
 .text.Reset_Handler
                0x0800b6c8       0x50 startup\startup_stm32f746xx.o
                0x0800b6c8                Reset_Handler
 .text.Default_Handler
                0x0800b718        0x2 startup\startup_stm32f746xx.o
                0x0800b718                RTC_Alarm_IRQHandler
                0x0800b718                EXTI2_IRQHandler
                0x0800b718                TIM8_CC_IRQHandler
                0x0800b718                DebugMon_Handler
                0x0800b718                UART8_IRQHandler
                0x0800b718                SPI4_IRQHandler
                0x0800b718                TIM1_CC_IRQHandler
                0x0800b718                DMA2_Stream5_IRQHandler
                0x0800b718                HardFault_Handler
                0x0800b718                DMA1_Stream5_IRQHandler
                0x0800b718                PVD_IRQHandler
                0x0800b718                TAMP_STAMP_IRQHandler
                0x0800b718                NMI_Handler
                0x0800b718                CAN2_RX1_IRQHandler
                0x0800b718                EXTI3_IRQHandler
                0x0800b718                TIM8_TRG_COM_TIM14_IRQHandler
                0x0800b718                TIM8_UP_TIM13_IRQHandler
                0x0800b718                I2C3_ER_IRQHandler
                0x0800b718                EXTI0_IRQHandler
                0x0800b718                I2C2_EV_IRQHandler
                0x0800b718                DMA1_Stream2_IRQHandler
                0x0800b718                CAN1_RX0_IRQHandler
                0x0800b718                FPU_IRQHandler
                0x0800b718                OTG_HS_WKUP_IRQHandler
                0x0800b718                UsageFault_Handler
                0x0800b718                LTDC_ER_IRQHandler
                0x0800b718                CAN2_SCE_IRQHandler
                0x0800b718                DMA2_Stream2_IRQHandler
                0x0800b718                SPI1_IRQHandler
                0x0800b718                TIM6_DAC_IRQHandler
                0x0800b718                TIM1_BRK_TIM9_IRQHandler
                0x0800b718                DCMI_IRQHandler
                0x0800b718                CAN2_RX0_IRQHandler
                0x0800b718                DMA2_Stream3_IRQHandler
                0x0800b718                SAI2_IRQHandler
                0x0800b718                USART6_IRQHandler
                0x0800b718                USART3_IRQHandler
                0x0800b718                CAN1_RX1_IRQHandler
                0x0800b718                UART5_IRQHandler
                0x0800b718                DMA2_Stream0_IRQHandler
                0x0800b718                TIM4_IRQHandler
                0x0800b718                QUADSPI_IRQHandler
                0x0800b718                I2C1_EV_IRQHandler
                0x0800b718                DMA1_Stream6_IRQHandler
                0x0800b718                DMA1_Stream1_IRQHandler
                0x0800b718                UART4_IRQHandler
                0x0800b718                TIM3_IRQHandler
                0x0800b718                RCC_IRQHandler
                0x0800b718                TIM8_BRK_TIM12_IRQHandler
                0x0800b718                Default_Handler
                0x0800b718                CEC_IRQHandler
                0x0800b718                EXTI15_10_IRQHandler
                0x0800b718                ADC_IRQHandler
                0x0800b718                DMA1_Stream7_IRQHandler
                0x0800b718                SPI5_IRQHandler
                0x0800b718                TIM7_IRQHandler
                0x0800b718                SDMMC1_IRQHandler
                0x0800b718                CAN2_TX_IRQHandler
                0x0800b718                TIM5_IRQHandler
                0x0800b718                DMA2_Stream7_IRQHandler
                0x0800b718                I2C3_EV_IRQHandler
                0x0800b718                EXTI9_5_IRQHandler
                0x0800b718                RTC_WKUP_IRQHandler
                0x0800b718                LTDC_IRQHandler
                0x0800b718                ETH_WKUP_IRQHandler
                0x0800b718                SPDIF_RX_IRQHandler
                0x0800b718                SPI2_IRQHandler
                0x0800b718                OTG_HS_EP1_IN_IRQHandler
                0x0800b718                MemManage_Handler
                0x0800b718                DMA1_Stream0_IRQHandler
                0x0800b718                CAN1_TX_IRQHandler
                0x0800b718                EXTI4_IRQHandler
                0x0800b718                RNG_IRQHandler
                0x0800b718                OTG_HS_EP1_OUT_IRQHandler
                0x0800b718                WWDG_IRQHandler
                0x0800b718                SPI6_IRQHandler
                0x0800b718                I2C4_EV_IRQHandler
                0x0800b718                TIM2_IRQHandler
                0x0800b718                OTG_FS_WKUP_IRQHandler
                0x0800b718                TIM1_TRG_COM_TIM11_IRQHandler
                0x0800b718                OTG_HS_IRQHandler
                0x0800b718                DMA2D_IRQHandler
                0x0800b718                EXTI1_IRQHandler
                0x0800b718                UART7_IRQHandler
                0x0800b718                USART2_IRQHandler
                0x0800b718                I2C2_ER_IRQHandler
                0x0800b718                DMA2_Stream1_IRQHandler
                0x0800b718                CAN1_SCE_IRQHandler
                0x0800b718                FLASH_IRQHandler
                0x0800b718                DMA2_Stream4_IRQHandler
                0x0800b718                BusFault_Handler
                0x0800b718                USART1_IRQHandler
                0x0800b718                SPI3_IRQHandler
                0x0800b718                DMA1_Stream4_IRQHandler
                0x0800b718                I2C1_ER_IRQHandler
                0x0800b718                FMC_IRQHandler
                0x0800b718                LPTIM1_IRQHandler
                0x0800b718                I2C4_ER_IRQHandler
                0x0800b718                DMA2_Stream6_IRQHandler
                0x0800b718                SAI1_IRQHandler
                0x0800b718                DMA1_Stream3_IRQHandler
 *fill*         0x0800b71a        0x2 
 .text.__libc_init_array
                0x0800b71c       0x48 c:/program files (x86)/atollic/truestudio for stm32 9.0.1/armtools/bin/../lib/gcc/arm-atollic-eabi/6.3.1/../../../../arm-atollic-eabi/lib/armv7e-m/fpu/fpv5-sp-d16\libc_nano.a(lib_a-init.o)
                0x0800b71c                __libc_init_array
 .text.malloc   0x0800b764       0x10 c:/program files (x86)/atollic/truestudio for stm32 9.0.1/armtools/bin/../lib/gcc/arm-atollic-eabi/6.3.1/../../../../arm-atollic-eabi/lib/armv7e-m/fpu/fpv5-sp-d16\libc_nano.a(lib_a-malloc.o)
                0x0800b764                malloc
 .text.free     0x0800b774       0x10 c:/program files (x86)/atollic/truestudio for stm32 9.0.1/armtools/bin/../lib/gcc/arm-atollic-eabi/6.3.1/../../../../arm-atollic-eabi/lib/armv7e-m/fpu/fpv5-sp-d16\libc_nano.a(lib_a-malloc.o)
                0x0800b774                free
 .text.memcmp   0x0800b784       0x1e c:/program files (x86)/atollic/truestudio for stm32 9.0.1/armtools/bin/../lib/gcc/arm-atollic-eabi/6.3.1/../../../../arm-atollic-eabi/lib/armv7e-m/fpu/fpv5-sp-d16\libc_nano.a(lib_a-memcmp.o)
                0x0800b784                memcmp
 .text.memcpy   0x0800b7a2       0x16 c:/program files (x86)/atollic/truestudio for stm32 9.0.1/armtools/bin/../lib/gcc/arm-atollic-eabi/6.3.1/../../../../arm-atollic-eabi/lib/armv7e-m/fpu/fpv5-sp-d16\libc_nano.a(lib_a-memcpy-stub.o)
                0x0800b7a2                memcpy
 .text.memset   0x0800b7b8       0x10 c:/program files (x86)/atollic/truestudio for stm32 9.0.1/armtools/bin/../lib/gcc/arm-atollic-eabi/6.3.1/../../../../arm-atollic-eabi/lib/armv7e-m/fpu/fpv5-sp-d16\libc_nano.a(lib_a-memset.o)
                0x0800b7b8                memset
 .text._free_r  0x0800b7c8       0x9c c:/program files (x86)/atollic/truestudio for stm32 9.0.1/armtools/bin/../lib/gcc/arm-atollic-eabi/6.3.1/../../../../arm-atollic-eabi/lib/armv7e-m/fpu/fpv5-sp-d16\libc_nano.a(lib_a-nano-freer.o)
                0x0800b7c8                _free_r
 .text._malloc_r
                0x0800b864       0xbc c:/program files (x86)/atollic/truestudio for stm32 9.0.1/armtools/bin/../lib/gcc/arm-atollic-eabi/6.3.1/../../../../arm-atollic-eabi/lib/armv7e-m/fpu/fpv5-sp-d16\libc_nano.a(lib_a-nano-mallocr.o)
                0x0800b864                _malloc_r
 .text.printf   0x0800b920       0x30 c:/program files (x86)/atollic/truestudio for stm32 9.0.1/armtools/bin/../lib/gcc/arm-atollic-eabi/6.3.1/../../../../arm-atollic-eabi/lib/armv7e-m/fpu/fpv5-sp-d16\libc_nano.a(lib_a-printf.o)
                0x0800b920                iprintf
                0x0800b920                printf
 .text._sbrk_r  0x0800b950       0x20 c:/program files (x86)/atollic/truestudio for stm32 9.0.1/armtools/bin/../lib/gcc/arm-atollic-eabi/6.3.1/../../../../arm-atollic-eabi/lib/armv7e-m/fpu/fpv5-sp-d16\libc_nano.a(lib_a-sbrkr.o)
                0x0800b950                _sbrk_r
 .text._cleanup_r
                0x0800b970        0xc c:/program files (x86)/atollic/truestudio for stm32 9.0.1/armtools/bin/../lib/gcc/arm-atollic-eabi/6.3.1/../../../../arm-atollic-eabi/lib/armv7e-m/fpu/fpv5-sp-d16\libc_nano.a(lib_a-findfp.o)
                0x0800b970                _cleanup_r
 .text.std.isra.0
                0x0800b97c       0x48 c:/program files (x86)/atollic/truestudio for stm32 9.0.1/armtools/bin/../lib/gcc/arm-atollic-eabi/6.3.1/../../../../arm-atollic-eabi/lib/armv7e-m/fpu/fpv5-sp-d16\libc_nano.a(lib_a-findfp.o)
 .text.__sfmoreglue
                0x0800b9c4       0x2c c:/program files (x86)/atollic/truestudio for stm32 9.0.1/armtools/bin/../lib/gcc/arm-atollic-eabi/6.3.1/../../../../arm-atollic-eabi/lib/armv7e-m/fpu/fpv5-sp-d16\libc_nano.a(lib_a-findfp.o)
                0x0800b9c4                __sfmoreglue
 .text.__sinit  0x0800b9f0       0x60 c:/program files (x86)/atollic/truestudio for stm32 9.0.1/armtools/bin/../lib/gcc/arm-atollic-eabi/6.3.1/../../../../arm-atollic-eabi/lib/armv7e-m/fpu/fpv5-sp-d16\libc_nano.a(lib_a-findfp.o)
                0x0800b9f0                __sinit
 .text.__sfp    0x0800ba50       0x78 c:/program files (x86)/atollic/truestudio for stm32 9.0.1/armtools/bin/../lib/gcc/arm-atollic-eabi/6.3.1/../../../../arm-atollic-eabi/lib/armv7e-m/fpu/fpv5-sp-d16\libc_nano.a(lib_a-findfp.o)
                0x0800ba50                __sfp
 .text._fwalk_reent
                0x0800bac8       0x3c c:/program files (x86)/atollic/truestudio for stm32 9.0.1/armtools/bin/../lib/gcc/arm-atollic-eabi/6.3.1/../../../../arm-atollic-eabi/lib/armv7e-m/fpu/fpv5-sp-d16\libc_nano.a(lib_a-fwalk.o)
                0x0800bac8                _fwalk_reent
 .text.__malloc_lock
                0x0800bb04        0x2 c:/program files (x86)/atollic/truestudio for stm32 9.0.1/armtools/bin/../lib/gcc/arm-atollic-eabi/6.3.1/../../../../arm-atollic-eabi/lib/armv7e-m/fpu/fpv5-sp-d16\libc_nano.a(lib_a-mlock.o)
                0x0800bb04                __malloc_lock
 .text.__malloc_unlock
                0x0800bb06        0x2 c:/program files (x86)/atollic/truestudio for stm32 9.0.1/armtools/bin/../lib/gcc/arm-atollic-eabi/6.3.1/../../../../arm-atollic-eabi/lib/armv7e-m/fpu/fpv5-sp-d16\libc_nano.a(lib_a-mlock.o)
                0x0800bb06                __malloc_unlock
 .text.__sfputc_r
                0x0800bb08       0x30 c:/program files (x86)/atollic/truestudio for stm32 9.0.1/armtools/bin/../lib/gcc/arm-atollic-eabi/6.3.1/../../../../arm-atollic-eabi/lib/armv7e-m/fpu/fpv5-sp-d16\libc_nano.a(lib_a-nano-vfprintf.o)
 .text.__sfputs_r
                0x0800bb38       0x24 c:/program files (x86)/atollic/truestudio for stm32 9.0.1/armtools/bin/../lib/gcc/arm-atollic-eabi/6.3.1/../../../../arm-atollic-eabi/lib/armv7e-m/fpu/fpv5-sp-d16\libc_nano.a(lib_a-nano-vfprintf.o)
                0x0800bb38                __sfputs_r
 .text._vfprintf_r
                0x0800bb5c      0x22c c:/program files (x86)/atollic/truestudio for stm32 9.0.1/armtools/bin/../lib/gcc/arm-atollic-eabi/6.3.1/../../../../arm-atollic-eabi/lib/armv7e-m/fpu/fpv5-sp-d16\libc_nano.a(lib_a-nano-vfprintf.o)
                0x0800bb5c                _vfprintf_r
                0x0800bb5c                _vfiprintf_r
 .text._printf_common
                0x0800bd88       0xec c:/program files (x86)/atollic/truestudio for stm32 9.0.1/armtools/bin/../lib/gcc/arm-atollic-eabi/6.3.1/../../../../arm-atollic-eabi/lib/armv7e-m/fpu/fpv5-sp-d16\libc_nano.a(lib_a-nano-vfprintf_i.o)
                0x0800bd88                _printf_common
 .text._printf_i
                0x0800be74      0x240 c:/program files (x86)/atollic/truestudio for stm32 9.0.1/armtools/bin/../lib/gcc/arm-atollic-eabi/6.3.1/../../../../arm-atollic-eabi/lib/armv7e-m/fpu/fpv5-sp-d16\libc_nano.a(lib_a-nano-vfprintf_i.o)
                0x0800be74                _printf_i
 .text.__sread  0x0800c0b4       0x22 c:/program files (x86)/atollic/truestudio for stm32 9.0.1/armtools/bin/../lib/gcc/arm-atollic-eabi/6.3.1/../../../../arm-atollic-eabi/lib/armv7e-m/fpu/fpv5-sp-d16\libc_nano.a(lib_a-stdio.o)
                0x0800c0b4                __sread
 .text.__swrite
                0x0800c0d6       0x38 c:/program files (x86)/atollic/truestudio for stm32 9.0.1/armtools/bin/../lib/gcc/arm-atollic-eabi/6.3.1/../../../../arm-atollic-eabi/lib/armv7e-m/fpu/fpv5-sp-d16\libc_nano.a(lib_a-stdio.o)
                0x0800c0d6                __swrite
 .text.__sseek  0x0800c10e       0x24 c:/program files (x86)/atollic/truestudio for stm32 9.0.1/armtools/bin/../lib/gcc/arm-atollic-eabi/6.3.1/../../../../arm-atollic-eabi/lib/armv7e-m/fpu/fpv5-sp-d16\libc_nano.a(lib_a-stdio.o)
                0x0800c10e                __sseek
 .text.__sclose
                0x0800c132        0x8 c:/program files (x86)/atollic/truestudio for stm32 9.0.1/armtools/bin/../lib/gcc/arm-atollic-eabi/6.3.1/../../../../arm-atollic-eabi/lib/armv7e-m/fpu/fpv5-sp-d16\libc_nano.a(lib_a-stdio.o)
                0x0800c132                __sclose
 *fill*         0x0800c13a        0x2 
 .text.__swbuf_r
                0x0800c13c       0xa4 c:/program files (x86)/atollic/truestudio for stm32 9.0.1/armtools/bin/../lib/gcc/arm-atollic-eabi/6.3.1/../../../../arm-atollic-eabi/lib/armv7e-m/fpu/fpv5-sp-d16\libc_nano.a(lib_a-wbuf.o)
                0x0800c13c                __swbuf_r
 .text._write_r
                0x0800c1e0       0x24 c:/program files (x86)/atollic/truestudio for stm32 9.0.1/armtools/bin/../lib/gcc/arm-atollic-eabi/6.3.1/../../../../arm-atollic-eabi/lib/armv7e-m/fpu/fpv5-sp-d16\libc_nano.a(lib_a-writer.o)
                0x0800c1e0                _write_r
 .text.__swsetup_r
                0x0800c204       0xdc c:/program files (x86)/atollic/truestudio for stm32 9.0.1/armtools/bin/../lib/gcc/arm-atollic-eabi/6.3.1/../../../../arm-atollic-eabi/lib/armv7e-m/fpu/fpv5-sp-d16\libc_nano.a(lib_a-wsetup.o)
                0x0800c204                __swsetup_r
 .text._close_r
                0x0800c2e0       0x20 c:/program files (x86)/atollic/truestudio for stm32 9.0.1/armtools/bin/../lib/gcc/arm-atollic-eabi/6.3.1/../../../../arm-atollic-eabi/lib/armv7e-m/fpu/fpv5-sp-d16\libc_nano.a(lib_a-closer.o)
                0x0800c2e0                _close_r
 .text.__sflush_r
                0x0800c300      0x110 c:/program files (x86)/atollic/truestudio for stm32 9.0.1/armtools/bin/../lib/gcc/arm-atollic-eabi/6.3.1/../../../../arm-atollic-eabi/lib/armv7e-m/fpu/fpv5-sp-d16\libc_nano.a(lib_a-fflush.o)
                0x0800c300                __sflush_r
 .text._fflush_r
                0x0800c410       0x54 c:/program files (x86)/atollic/truestudio for stm32 9.0.1/armtools/bin/../lib/gcc/arm-atollic-eabi/6.3.1/../../../../arm-atollic-eabi/lib/armv7e-m/fpu/fpv5-sp-d16\libc_nano.a(lib_a-fflush.o)
                0x0800c410                _fflush_r
 .text._lseek_r
                0x0800c464       0x24 c:/program files (x86)/atollic/truestudio for stm32 9.0.1/armtools/bin/../lib/gcc/arm-atollic-eabi/6.3.1/../../../../arm-atollic-eabi/lib/armv7e-m/fpu/fpv5-sp-d16\libc_nano.a(lib_a-lseekr.o)
                0x0800c464                _lseek_r
 .text.__swhatbuf_r
                0x0800c488       0x48 c:/program files (x86)/atollic/truestudio for stm32 9.0.1/armtools/bin/../lib/gcc/arm-atollic-eabi/6.3.1/../../../../arm-atollic-eabi/lib/armv7e-m/fpu/fpv5-sp-d16\libc_nano.a(lib_a-makebuf.o)
                0x0800c488                __swhatbuf_r
 .text.__smakebuf_r
                0x0800c4d0       0x80 c:/program files (x86)/atollic/truestudio for stm32 9.0.1/armtools/bin/../lib/gcc/arm-atollic-eabi/6.3.1/../../../../arm-atollic-eabi/lib/armv7e-m/fpu/fpv5-sp-d16\libc_nano.a(lib_a-makebuf.o)
                0x0800c4d0                __smakebuf_r
 .text._read_r  0x0800c550       0x24 c:/program files (x86)/atollic/truestudio for stm32 9.0.1/armtools/bin/../lib/gcc/arm-atollic-eabi/6.3.1/../../../../arm-atollic-eabi/lib/armv7e-m/fpu/fpv5-sp-d16\libc_nano.a(lib_a-readr.o)
                0x0800c550                _read_r
 .text._fstat_r
                0x0800c574       0x24 c:/program files (x86)/atollic/truestudio for stm32 9.0.1/armtools/bin/../lib/gcc/arm-atollic-eabi/6.3.1/../../../../arm-atollic-eabi/lib/armv7e-m/fpu/fpv5-sp-d16\libc_nano.a(lib_a-fstatr.o)
                0x0800c574                _fstat_r
 .text._isatty_r
                0x0800c598       0x20 c:/program files (x86)/atollic/truestudio for stm32 9.0.1/armtools/bin/../lib/gcc/arm-atollic-eabi/6.3.1/../../../../arm-atollic-eabi/lib/armv7e-m/fpu/fpv5-sp-d16\libc_nano.a(lib_a-isattyr.o)
                0x0800c598                _isatty_r
 *(.glue_7)
 .glue_7        0x0800c5b8        0x0 linker stubs
 *(.glue_7t)
 .glue_7t       0x0800c5b8        0x0 linker stubs
 *(.eh_frame)
 .eh_frame      0x0800c5b8        0x0 c:/program files (x86)/atollic/truestudio for stm32 9.0.1/armtools/bin/../lib/gcc/arm-atollic-eabi/6.3.1/armv7e-m/fpu/fpv5-sp-d16/crtbegin.o
 *(.init)
 .init          0x0800c5b8        0x4 c:/program files (x86)/atollic/truestudio for stm32 9.0.1/armtools/bin/../lib/gcc/arm-atollic-eabi/6.3.1/armv7e-m/fpu/fpv5-sp-d16/crti.o
                0x0800c5b8                _init